Component: ARM Compiler 5.06 update 5 (build 528) Tool: armlink [4d35e2]

==============================================================================

Section Cross References

    mqttconnectclient.o(i.MQTTDeserialize_connack) refers to mqttpacket.o(i.readChar) for readChar
    mqttconnectclient.o(i.MQTTDeserialize_connack) refers to mqttpacket.o(i.MQTTPacket_decodeBuf) for MQTTPacket_decodeBuf
    mqttconnectclient.o(i.MQTTSerialize_connect) refers to mqttconnectclient.o(i.MQTTSerialize_connectLength) for MQTTSerialize_connectLength
    mqttconnectclient.o(i.MQTTSerialize_connect) refers to mqttpacket.o(i.MQTTPacket_len) for MQTTPacket_len
    mqttconnectclient.o(i.MQTTSerialize_connect) refers to mqttpacket.o(i.writeChar) for writeChar
    mqttconnectclient.o(i.MQTTSerialize_connect) refers to mqttpacket.o(i.MQTTPacket_encode) for MQTTPacket_encode
    mqttconnectclient.o(i.MQTTSerialize_connect) refers to mqttpacket.o(i.writeCString) for writeCString
    mqttconnectclient.o(i.MQTTSerialize_connect) refers to mqttpacket.o(i.writeInt) for writeInt
    mqttconnectclient.o(i.MQTTSerialize_connect) refers to mqttpacket.o(i.writeMQTTString) for writeMQTTString
    mqttconnectclient.o(i.MQTTSerialize_connectLength) refers to mqttpacket.o(i.MQTTstrlen) for MQTTstrlen
    mqttconnectclient.o(i.MQTTSerialize_disconnect) refers to mqttconnectclient.o(i.MQTTSerialize_zero) for MQTTSerialize_zero
    mqttconnectclient.o(i.MQTTSerialize_pingreq) refers to mqttconnectclient.o(i.MQTTSerialize_zero) for MQTTSerialize_zero
    mqttconnectclient.o(i.MQTTSerialize_zero) refers to mqttpacket.o(i.writeChar) for writeChar
    mqttconnectclient.o(i.MQTTSerialize_zero) refers to mqttpacket.o(i.MQTTPacket_encode) for MQTTPacket_encode
    mqttconnectserver.o(i.MQTTDeserialize_connect) refers to mqttpacket.o(i.readChar) for readChar
    mqttconnectserver.o(i.MQTTDeserialize_connect) refers to mqttpacket.o(i.MQTTPacket_decodeBuf) for MQTTPacket_decodeBuf
    mqttconnectserver.o(i.MQTTDeserialize_connect) refers to mqttpacket.o(i.readMQTTLenString) for readMQTTLenString
    mqttconnectserver.o(i.MQTTDeserialize_connect) refers to mqttconnectserver.o(i.MQTTPacket_checkVersion) for MQTTPacket_checkVersion
    mqttconnectserver.o(i.MQTTDeserialize_connect) refers to mqttpacket.o(i.readInt) for readInt
    mqttconnectserver.o(i.MQTTPacket_checkVersion) refers to memcmp.o(.text) for memcmp
    mqttconnectserver.o(i.MQTTSerialize_connack) refers to mqttpacket.o(i.writeChar) for writeChar
    mqttconnectserver.o(i.MQTTSerialize_connack) refers to mqttpacket.o(i.MQTTPacket_encode) for MQTTPacket_encode
    mqttdeserializepublish.o(i.MQTTDeserialize_ack) refers to mqttpacket.o(i.readChar) for readChar
    mqttdeserializepublish.o(i.MQTTDeserialize_ack) refers to mqttpacket.o(i.MQTTPacket_decodeBuf) for MQTTPacket_decodeBuf
    mqttdeserializepublish.o(i.MQTTDeserialize_ack) refers to mqttpacket.o(i.readInt) for readInt
    mqttdeserializepublish.o(i.MQTTDeserialize_publish) refers to mqttpacket.o(i.readChar) for readChar
    mqttdeserializepublish.o(i.MQTTDeserialize_publish) refers to mqttpacket.o(i.MQTTPacket_decodeBuf) for MQTTPacket_decodeBuf
    mqttdeserializepublish.o(i.MQTTDeserialize_publish) refers to mqttpacket.o(i.readMQTTLenString) for readMQTTLenString
    mqttdeserializepublish.o(i.MQTTDeserialize_publish) refers to mqttpacket.o(i.readInt) for readInt
    mqttformat.o(i.MQTTPacket_getName) refers to mqttformat.o(.data) for .data
    mqttformat.o(i.MQTTStringFormat_ack) refers to printf6.o(i.__0snprintf$6) for __2snprintf
    mqttformat.o(i.MQTTStringFormat_ack) refers to mqttformat.o(.data) for .data
    mqttformat.o(i.MQTTStringFormat_connack) refers to printf6.o(i.__0snprintf$6) for __2snprintf
    mqttformat.o(i.MQTTStringFormat_connect) refers to printf6.o(i.__0snprintf$6) for __2snprintf
    mqttformat.o(i.MQTTStringFormat_connect) refers to mqttformat.o(.conststring) for .conststring
    mqttformat.o(i.MQTTStringFormat_publish) refers to printf6.o(i.__0snprintf$6) for __2snprintf
    mqttformat.o(i.MQTTStringFormat_publish) refers to mqttformat.o(.conststring) for .conststring
    mqttformat.o(i.MQTTStringFormat_suback) refers to printf6.o(i.__0snprintf$6) for __2snprintf
    mqttformat.o(i.MQTTStringFormat_subscribe) refers to printf6.o(i.__0snprintf$6) for __2snprintf
    mqttformat.o(i.MQTTStringFormat_unsubscribe) refers to printf6.o(i.__0snprintf$6) for __2snprintf
    mqttformat.o(.data) refers to mqttformat.o(.conststring) for .conststring
    mqttpacket.o(i.MQTTPacket_decodeBuf) refers to mqttpacket.o(i.MQTTPacket_decode) for MQTTPacket_decode
    mqttpacket.o(i.MQTTPacket_decodeBuf) refers to mqttpacket.o(.data) for .data
    mqttpacket.o(i.MQTTPacket_decodeBuf) refers to mqttpacket.o(i.bufchar) for bufchar
    mqttpacket.o(i.MQTTPacket_equals) refers to strlen.o(.text) for strlen
    mqttpacket.o(i.MQTTPacket_equals) refers to strncmp.o(.text) for strncmp
[...]
    DMA_CheckFifoParam                       0x08000419   Thumb Code    84  stm32f4xx_hal_dma.o(i.DMA_CheckFifoParam)
    i.DMA_SetConfig                          0x0800046c   Section        0  stm32f4xx_hal_dma.o(i.DMA_SetConfig)
    DMA_SetConfig                            0x0800046d   Thumb Code    40  stm32f4xx_hal_dma.o(i.DMA_SetConfig)
    i.FATFS_LinkDriver                       0x08000494   Section        0  ff_gen_drv.o(i.FATFS_LinkDriver)
    i.FATFS_LinkDriverEx                     0x0800049c   Section        0  ff_gen_drv.o(i.FATFS_LinkDriverEx)
    i.HAL_DMA_Abort_IT                       0x080004dc   Section        0  stm32f4xx_hal_dma.o(i.HAL_DMA_Abort_IT)
    i.HAL_DMA_IRQHandler                     0x08000500   Section        0  stm32f4xx_hal_dma.o(i.HAL_DMA_IRQHandler)
    i.HAL_DMA_Init                           0x080006a0   Section        0  stm32f4xx_hal_dma.o(i.HAL_DMA_Init)
    i.HAL_DMA_Start_IT                       0x08000774   Section        0  stm32f4xx_hal_dma.o(i.HAL_DMA_Start_IT)
    i.HAL_Delay                              0x080007ec   Section        0  stm32f4xx_hal.o(i.HAL_Delay)
    i.HAL_GPIO_Init                          0x08000808   Section        0  stm32f4xx_hal_gpio.o(i.HAL_GPIO_Init)
    i.HAL_GPIO_TogglePin                     0x080009d4   Section        0  stm32f4xx_hal_gpio.o(i.HAL_GPIO_TogglePin)
    i.HAL_GPIO_WritePin                      0x080009dc   Section        0  stm32f4xx_hal_gpio.o(i.HAL_GPIO_WritePin)
    i.HAL_GetTick                            0x080009e8   Section        0  stm32f4xx_hal.o(i.HAL_GetTick)
    i.HAL_IncTick                            0x080009f4   Section        0  stm32f4xx_hal.o(i.HAL_IncTick)
    i.HAL_Init                               0x08000a04   Section        0  stm32f4xx_hal.o(i.HAL_Init)
    i.HAL_InitTick                           0x08000a38   Section        0  stm32f4xx_hal.o(i.HAL_InitTick)
    i.HAL_MspInit                            0x08000a60   Section        0  stm32f4xx_hal_msp.o(i.HAL_MspInit)
    i.HAL_NVIC_EnableIRQ                     0x08000ab8   Section        0  stm32f4xx_hal_cortex.o(i.HAL_NVIC_EnableIRQ)
    i.HAL_NVIC_SetPriority                   0x08000ad0   Section        0  stm32f4xx_hal_cortex.o(i.HAL_NVIC_SetPriority)
    i.HAL_NVIC_SetPriorityGrouping           0x08000b10   Section        0  stm32f4xx_hal_cortex.o(i.HAL_NVIC_SetPriorityGrouping)
    i.HAL_RCC_ClockConfig                    0x08000b34   Section        0  stm32f4xx_hal_rcc.o(i.HAL_RCC_ClockConfig)
    i.HAL_RCC_GetHCLKFreq                    0x08000c64   Section        0  stm32f4xx_hal_rcc.o(i.HAL_RCC_GetHCLKFreq)
    i.HAL_RCC_GetPCLK1Freq                   0x08000c70   Section        0  stm32f4xx_hal_rcc.o(i.HAL_RCC_GetPCLK1Freq)
    i.HAL_RCC_GetPCLK2Freq                   0x08000c90   Section        0  stm32f4xx_hal_rcc.o(i.HAL_RCC_GetPCLK2Freq)
    i.HAL_RCC_GetSysClockFreq                0x08000cb0   Section        0  stm32f4xx_hal_rcc.o(i.HAL_RCC_GetSysClockFreq)
    i.HAL_RCC_OscConfig                      0x08000d10   Section        0  stm32f4xx_hal_rcc.o(i.HAL_RCC_OscConfig)
    i.HAL_SD_GetCardCSD                      0x08001000   Section        0  stm32f4xx_hal_sd.o(i.HAL_SD_GetCardCSD)
    i.HAL_SD_GetCardInfo                     0x080011da   Section        0  stm32f4xx_hal_sd.o(i.HAL_SD_GetCardInfo)
    i.HAL_SD_GetCardState                    0x080011fe   Section        0  stm32f4xx_hal_sd.o(i.HAL_SD_GetCardState)
    i.HAL_SD_Init                            0x0800122a   Section        0  stm32f4xx_hal_sd.o(i.HAL_SD_Init)
    i.HAL_SD_InitCard                        0x08001260   Section        0  stm32f4xx_hal_sd.o(i.HAL_SD_InitCard)
    i.HAL_SD_MspInit                         0x080012b4   Section        0  stm32f4xx_hal_msp.o(i.HAL_SD_MspInit)
    i.HAL_SD_ReadBlocks                      0x0800130c   Section        0  stm32f4xx_hal_sd.o(i.HAL_SD_ReadBlocks)
    i.HAL_SD_WriteBlocks                     0x080014c0   Section        0  stm32f4xx_hal_sd.o(i.HAL_SD_WriteBlocks)
    i.HAL_SYSTICK_CLKSourceConfig            0x0800165a   Section        0  stm32f4xx_hal_cortex.o(i.HAL_SYSTICK_CLKSourceConfig)
    i.HAL_SYSTICK_Callback                   0x08001672   Section        0  stm32f4xx_hal_cortex.o(i.HAL_SYSTICK_Callback)
    i.HAL_SYSTICK_Config                     0x08001674   Section        0  stm32f4xx_hal_cortex.o(i.HAL_SYSTICK_Config)
    i.HAL_SYSTICK_IRQHandler                 0x0800169c   Section        0  stm32f4xx_hal_cortex.o(i.HAL_SYSTICK_IRQHandler)
    i.HAL_UART_ErrorCallback                 0x080016a4   Section        0  stm32f4xx_hal_uart.o(i.HAL_UART_ErrorCallback)
    i.HAL_UART_IRQHandler                    0x080016a8   Section        0  stm32f4xx_hal_uart.o(i.HAL_UART_IRQHandler)
    i.HAL_UART_Init                          0x080017b8   Section        0  stm32f4xx_hal_uart.o(i.HAL_UART_Init)
    i.HAL_UART_MspInit                       0x0800181c   Section        0  stm32f4xx_hal_msp.o(i.HAL_UART_MspInit)
    i.HAL_UART_Receive                       0x0800190c   Section        0  stm32f4xx_hal_uart.o(i.HAL_UART_Receive)
    i.HAL_UART_Receive_DMA                   0x080019c4   Section        0  stm32f4xx_hal_uart.o(i.HAL_UART_Receive_DMA)
    i.HAL_UART_RxCpltCallback                0x08001a5c   Section        0  main.o(i.HAL_UART_RxCpltCallback)
    i.HAL_UART_RxHalfCpltCallback            0x08001b90   Section        0  stm32f4xx_hal_uart.o(i.HAL_UART_RxHalfCpltCallback)
    i.HAL_UART_Transmit_DMA                  0x08001b94   Section        0  stm32f4xx_hal_uart.o(i.HAL_UART_Transmit_DMA)
    i.HAL_UART_TxCpltCallback                0x08001c14   Section        0  stm32f4xx_hal_uart.o(i.HAL_UART_TxCpltCallback)
    i.HAL_UART_TxHalfCpltCallback            0x08001c16   Section        0  stm32f4xx_hal_uart.o(i.HAL_UART_TxHalfCpltCallback)
    i.MQTTPacket_encode                      0x08001c18   Section        0  mqttpacket.o(i.MQTTPacket_encode)
    i.MQTTPacket_len                         0x08001c44   Section        0  mqttpacket.o(i.MQTTPacket_len)
    i.MQTTSerialize_connect                  0x08001c6c   Section        0  mqttconnectclient.o(i.MQTTSerialize_connect)
    i.MQTTSerialize_connectLength            0x08001d84   Section        0  mqttconnectclient.o(i.MQTTSerialize_connectLength)
    i.MQTTSerialize_publish                  0x08001dfa   Section        0  mqttserializepublish.o(i.MQTTSerialize_publish)
    i.MQTTSerialize_publishLength            0x08001e80   Section        0  mqttserializepublish.o(i.MQTTSerialize_publishLength)
    i.MQTTstrlen                             0x08001e9e   Section        0  mqttpacket.o(i.MQTTstrlen)
    i.MX_FATFS_Init                          0x08001eac   Section        0  fatfs.o(i.MX_FATFS_Init)
    i.MX_GPIO_Init                           0x08001ec8   Section        0  main.o(i.MX_GPIO_Init)
    MX_GPIO_Init                             0x08001ec9   Thumb Code   110  main.o(i.MX_GPIO_Init)
    i.NVIC_SetPriority                       0x08001f40   Section        0  stm32f4xx_hal_cortex.o(i.NVIC_SetPriority)
    NVIC_SetPriority                         0x08001f41   Thumb Code    32  stm32f4xx_hal_cortex.o(i.NVIC_SetPriority)
    i.PendSV_Handler                         0x08001f60   Section        0  stm32f4xx_it.o(i.PendSV_Handler)
    i.SDIO_ConfigData                        0x08001f62   Section        0  stm32f4xx_ll_sdmmc.o(i.SDIO_ConfigData)
    i.SDIO_GetPowerState                     0x08001f86   Section        0  stm32f4xx_ll_sdmmc.o(i.SDIO_GetPowerState)
    i.SDIO_GetResponse                       0x08001f8e   Section        0  stm32f4xx_ll_sdmmc.o(i.SDIO_GetResponse)
    i.SDIO_Init                              0x08001f9a   Section        0  stm32f4xx_ll_sdmmc.o(i.SDIO_Init)
    i.SDIO_PowerState_ON                     0x08001fbe   Section        0  stm32f4xx_ll_sdmmc.o(i.SDIO_PowerState_ON)
    i.SDIO_ReadFIFO                          0x08001fc6   Section        0  stm32f4xx_ll_sdmmc.o(i.SDIO_ReadFIFO)
    i.SDIO_SendCommand                       0x08001fcc   Section        0  stm32f4xx_ll_sdmmc.o(i.SDIO_SendCommand)
    i.SDIO_WriteFIFO                         0x08001fec   Section        0  stm32f4xx_ll_sdmmc.o(i.SDIO_WriteFIFO)
    i.SDMMC_CmdAppCommand                    0x08001ff6   Section        0  stm32f4xx_ll_sdmmc.o(i.SDMMC_CmdAppCommand)
    i.SDMMC_CmdAppOperCommand                0x08002028   Section        0  stm32f4xx_ll_sdmmc.o(i.SDMMC_CmdAppOperCommand)
    i.SDMMC_CmdBlockLength                   0x0800205c   Section        0  stm32f4xx_ll_sdmmc.o(i.SDMMC_CmdBlockLength)
    i.SDMMC_CmdGoIdleState                   0x08002090   Section        0  stm32f4xx_ll_sdmmc.o(i.SDMMC_CmdGoIdleState)
    i.SDMMC_CmdOperCond                      0x080020e0   Section        0  stm32f4xx_ll_sdmmc.o(i.SDMMC_CmdOperCond)
    i.SDMMC_CmdReadMultiBlock                0x08002148   Section        0  stm32f4xx_ll_sdmmc.o(i.SDMMC_CmdReadMultiBlock)
    i.SDMMC_CmdReadSingleBlock               0x0800217a   Section        0  stm32f4xx_ll_sdmmc.o(i.SDMMC_CmdReadSingleBlock)
    i.SDMMC_CmdSelDesel                      0x080021ac   Section        0  stm32f4xx_ll_sdmmc.o(i.SDMMC_CmdSelDesel)
    i.SDMMC_CmdSendCID                       0x080021de   Section        0  stm32f4xx_ll_sdmmc.o(i.SDMMC_CmdSendCID)
    i.SDMMC_CmdSendCSD                       0x0800220a   Section        0  stm32f4xx_ll_sdmmc.o(i.SDMMC_CmdSendCSD)
    i.SDMMC_CmdSendStatus                    0x08002236   Section        0  stm32f4xx_ll_sdmmc.o(i.SDMMC_CmdSendStatus)
    i.SDMMC_CmdSetRelAdd                     0x08002268   Section        0  stm32f4xx_ll_sdmmc.o(i.SDMMC_CmdSetRelAdd)
    i.SDMMC_CmdStopTransfer                  0x08002298   Section        0  stm32f4xx_ll_sdmmc.o(i.SDMMC_CmdStopTransfer)
    i.SDMMC_CmdWriteMultiBlock               0x080022cc   Section        0  stm32f4xx_ll_sdmmc.o(i.SDMMC_CmdWriteMultiBlock)
    i.SDMMC_CmdWriteSingleBlock              0x080022fe   Section        0  stm32f4xx_ll_sdmmc.o(i.SDMMC_CmdWriteSingleBlock)
    i.SDMMC_GetCmdResp1                      0x08002330   Section        0  stm32f4xx_ll_sdmmc.o(i.SDMMC_GetCmdResp1)
    SDMMC_GetCmdResp1                        0x08002331   Thumb Code   276  stm32f4xx_ll_sdmmc.o(i.SDMMC_GetCmdResp1)
    i.SDMMC_GetCmdResp2                      0x0800244c   Section        0  stm32f4xx_ll_sdmmc.o(i.SDMMC_GetCmdResp2)
    SDMMC_GetCmdResp2                        0x0800244d   Thumb Code    74  stm32f4xx_ll_sdmmc.o(i.SDMMC_GetCmdResp2)
    i.SDMMC_GetCmdResp3                      0x0800249c   Section        0  stm32f4xx_ll_sdmmc.o(i.SDMMC_GetCmdResp3)
    SDMMC_GetCmdResp3                        0x0800249d   Thumb Code    60  stm32f4xx_ll_sdmmc.o(i.SDMMC_GetCmdResp3)
    i.SDMMC_GetCmdResp6                      0x080024dc   Section        0  stm32f4xx_ll_sdmmc.o(i.SDMMC_GetCmdResp6)
    SDMMC_GetCmdResp6                        0x080024dd   Thumb Code   128  stm32f4xx_ll_sdmmc.o(i.SDMMC_GetCmdResp6)
    i.SD_InitCard                            0x08002560   Section        0  stm32f4xx_hal_sd.o(i.SD_InitCard)
    SD_InitCard                              0x08002561   Thumb Code   230  stm32f4xx_hal_sd.o(i.SD_InitCard)
    i.SD_PowerON                             0x08002646   Section        0  stm32f4xx_hal_sd.o(i.SD_PowerON)
    SD_PowerON                               0x08002647   Thumb Code   162  stm32f4xx_hal_sd.o(i.SD_PowerON)
    i.SD_initialize                          0x080026e8   Section        0  sd_diskio.o(i.SD_initialize)
    i.SD_ioctl                               0x08002708   Section        0  sd_diskio.o(i.SD_ioctl)
    i.SD_read                                0x08002758   Section        0  sd_diskio.o(i.SD_read)
    i.SD_status                              0x08002780   Section        0  sd_diskio.o(i.SD_status)
    i.SD_write                               0x080027a0   Section        0  sd_diskio.o(i.SD_write)
    i.SVC_Handler                            0x080027c6   Section        0  stm32f4xx_it.o(i.SVC_Handler)
    i.SysTick_Handler                        0x080027c8   Section        0  stm32f4xx_it.o(i.SysTick_Handler)
    i.SystemClock_Config                     0x080027d8   Section        0  main.o(i.SystemClock_Config)
    i.SystemInit                             0x0800287c   Section        0  system_stm32f4xx.o(i.SystemInit)
    i.UART_DMAAbortOnError                   0x080028d0   Section        0  stm32f4xx_hal_uart.o(i.UART_DMAAbortOnError)
    UART_DMAAbortOnError                     0x080028d1   Thumb Code    16  stm32f4xx_hal_uart.o(i.UART_DMAAbortOnError)
    i.UART_DMAError                          0x080028e0   Section        0  stm32f4xx_hal_uart.o(i.UART_DMAError)
    UART_DMAError                            0x080028e1   Thumb Code    74  stm32f4xx_hal_uart.o(i.UART_DMAError)
    i.UART_DMAReceiveCplt                    0x0800292a   Section        0  stm32f4xx_hal_uart.o(i.UART_DMAReceiveCplt)
    UART_DMAReceiveCplt                      0x0800292b   Thumb Code    60  stm32f4xx_hal_uart.o(i.UART_DMAReceiveCplt)
    i.UART_DMARxHalfCplt                     0x08002966   Section        0  stm32f4xx_hal_uart.o(i.UART_DMARxHalfCplt)
    UART_DMARxHalfCplt                       0x08002967   Thumb Code    10  stm32f4xx_hal_uart.o(i.UART_DMARxHalfCplt)
    i.UART_DMATransmitCplt                   0x08002970   Section        0  stm32f4xx_hal_uart.o(i.UART_DMATransmitCplt)
    UART_DMATransmitCplt                     0x08002971   Thumb Code    46  stm32f4xx_hal_uart.o(i.UART_DMATransmitCplt)
    i.UART_DMATxHalfCplt                     0x0800299e   Section        0  stm32f4xx_hal_uart.o(i.UART_DMATxHalfCplt)
    UART_DMATxHalfCplt                       0x0800299f   Thumb Code    10  stm32f4xx_hal_uart.o(i.UART_DMATxHalfCplt)
    i.UART_EndRxTransfer                     0x080029a8   Section        0  stm32f4xx_hal_uart.o(i.UART_EndRxTransfer)
    UART_EndRxTransfer                       0x080029a9   Thumb Code    28  stm32f4xx_hal_uart.o(i.UART_EndRxTransfer)
    i.UART_EndTxTransfer                     0x080029c4   Section        0  stm32f4xx_hal_uart.o(i.UART_EndTxTransfer)
    UART_EndTxTransfer                       0x080029c5   Thumb Code    18  stm32f4xx_hal_uart.o(i.UART_EndTxTransfer)
    i.UART_Receive_IT                        0x080029d6   Section        0  stm32f4xx_hal_uart.o(i.UART_Receive_IT)
    UART_Receive_IT                          0x080029d7   Thumb Code   140  stm32f4xx_hal_uart.o(i.UART_Receive_IT)
    i.UART_SetConfig                         0x08002a64   Section        0  stm32f4xx_hal_uart.o(i.UART_SetConfig)
    UART_SetConfig                           0x08002a65   Thumb Code   676  stm32f4xx_hal_uart.o(i.UART_SetConfig)
    i.UART_Transmit_IT                       0x08002d10   Section        0  stm32f4xx_hal_uart.o(i.UART_Transmit_IT)
    UART_Transmit_IT                         0x08002d11   Thumb Code    98  stm32f4xx_hal_uart.o(i.UART_Transmit_IT)
    i.UART_WaitOnFlagUntilTimeout            0x08002d72   Section        0  stm32f4xx_hal_uart.o(i.UART_WaitOnFlagUntilTimeout)
    UART_WaitOnFlagUntilTimeout              0x08002d73   Thumb Code   100  stm32f4xx_hal_uart.o(i.UART_WaitOnFlagUntilTimeout)
    i.USART1_IRQHandler                      0x08002dd8   Section        0  stm32f4xx_it.o(i.USART1_IRQHandler)
    i._Error_Handler                         0x08002de4   Section        0  main.o(i._Error_Handler)
    i.__0printf$6                            0x08002de8   Section        0  printf6.o(i.__0printf$6)
    i.__0sprintf$6                           0x08002e08   Section        0  printf6.o(i.__0sprintf$6)
    i.__scatterload_copy                     0x08002e30   Section       14  handlers.o(i.__scatterload_copy)
    i.__scatterload_null                     0x08002e3e   Section        2  handlers.o(i.__scatterload_null)
    i.__scatterload_zeroinit                 0x08002e40   Section       14  handlers.o(i.__scatterload_zeroinit)
    i._printf_core                           0x08002e50   Section        0  printf6.o(i._printf_core)
    _printf_core                             0x08002e51   Thumb Code   748  printf6.o(i._printf_core)
    i._printf_post_padding                   0x08003140   Section        0  printf6.o(i._printf_post_padding)
    _printf_post_padding                     0x08003141   Thumb Code    36  printf6.o(i._printf_post_padding)
    i._printf_pre_padding                    0x08003164   Section        0  printf6.o(i._printf_pre_padding)
    _printf_pre_padding                      0x08003165   Thumb Code    46  printf6.o(i._printf_pre_padding)
    i._sputc                                 0x08003192   Section        0  printf6.o(i._sputc)
    _sputc                                   0x08003193   Thumb Code    10  printf6.o(i._sputc)
    i.check_fs                               0x0800319c   Section        0  ff.o(i.check_fs)
    check_fs                                 0x0800319d   Thumb Code   102  ff.o(i.check_fs)
    i.chk_lock                               0x0800320c   Section        0  ff.o(i.chk_lock)
    chk_lock                                 0x0800320d   Thumb Code    86  ff.o(i.chk_lock)
    i.clear_lock                             0x08003268   Section        0  ff.o(i.clear_lock)
    clear_lock                               0x08003269   Thumb Code    28  ff.o(i.clear_lock)
    i.clmt_clust                             0x08003288   Section        0  ff.o(i.clmt_clust)
    clmt_clust                               0x08003289   Thumb Code    36  ff.o(i.clmt_clust)
    i.clust2sect                             0x080032ac   Section        0  ff.o(i.clust2sect)
    clust2sect                               0x080032ad   Thumb Code    24  ff.o(i.clust2sect)
    i.create_chain                           0x080032c4   Section        0  ff.o(i.create_chain)
    create_chain                             0x080032c5   Thumb Code   164  ff.o(i.create_chain)
    i.create_name                            0x08003368   Section        0  ff.o(i.create_name)
    create_name                              0x08003369   Thumb Code   168  ff.o(i.create_name)
    i.dec_lock                               0x08003424   Section        0  ff.o(i.dec_lock)
    dec_lock                                 0x08003425   Thumb Code    48  ff.o(i.dec_lock)
    i.dir_find                               0x08003458   Section        0  ff.o(i.dir_find)
    dir_find                                 0x08003459   Thumb Code   100  ff.o(i.dir_find)
    i.dir_next                               0x080034bc   Section        0  ff.o(i.dir_next)
    dir_next                                 0x080034bd   Thumb Code   244  ff.o(i.dir_next)
    i.dir_register                           0x080035b0   Section        0  ff.o(i.dir_register)
    dir_register                             0x080035b1   Thumb Code   102  ff.o(i.dir_register)
    i.dir_sdi                                0x08003616   Section        0  ff.o(i.dir_sdi)
    dir_sdi                                  0x08003617   Thumb Code   130  ff.o(i.dir_sdi)
    i.disk_initialize                        0x08003698   Section        0  diskio.o(i.disk_initialize)
    i.disk_ioctl                             0x080036c0   Section        0  diskio.o(i.disk_ioctl)
    i.disk_read                              0x080036dc   Section        0  diskio.o(i.disk_read)
    i.disk_status                            0x080036f8   Section        0  diskio.o(i.disk_status)
    i.disk_write                             0x08003710   Section        0  diskio.o(i.disk_write)
    i.f_close                                0x0800372c   Section        0  ff.o(i.f_close)
    i.f_gets                                 0x08003754   Section        0  ff.o(i.f_gets)
    i.f_lseek                                0x08003798   Section        0  ff.o(i.f_lseek)
    i.f_mount                                0x080039ac   Section        0  ff.o(i.f_mount)
    i.f_open                                 0x08003a04   Section        0  ff.o(i.f_open)
    i.f_read                                 0x08003c10   Section        0  ff.o(i.f_read)
    i.f_sync                                 0x08003d62   Section        0  ff.o(i.f_sync)
    i.find_volume                            0x08003df0   Section        0  ff.o(i.find_volume)
    find_volume                              0x08003df1   Thumb Code   582  ff.o(i.find_volume)
    i.follow_path                            0x08004044   Section        0  ff.o(i.follow_path)
    follow_path                              0x08004045   Thumb Code   116  ff.o(i.follow_path)
    i.fputc                                  0x080040b8   Section        0  fputc.o(i.fputc)
    i.fsize                                  0x080040cc   Section        0  main.o(i.fsize)
    i.get_fat                                0x080040e8   Section        0  ff.o(i.get_fat)
    get_fat                                  0x080040e9   Thumb Code   190  ff.o(i.get_fat)
    i.get_fattime                            0x080041a6   Section        0  fatfs.o(i.get_fattime)
    i.get_ldnumber                           0x080041aa   Section        0  ff.o(i.get_ldnumber)
    get_ldnumber                             0x080041ab   Thumb Code    60  ff.o(i.get_ldnumber)
    i.gprs_initialize                        0x080041e8   Section        0  main.o(i.gprs_initialize)
    i.inc_lock                               0x08004244   Section        0  ff.o(i.inc_lock)
    inc_lock                                 0x08004245   Thumb Code   124  ff.o(i.inc_lock)
    i.ld_clust                               0x080042c4   Section        0  ff.o(i.ld_clust)
    ld_clust                                 0x080042c5   Thumb Code    38  ff.o(i.ld_clust)
    i.ld_dword                               0x080042ea   Section        0  ff.o(i.ld_dword)
    ld_dword                                 0x080042eb   Thumb Code    22  ff.o(i.ld_dword)
    i.ld_word                                0x08004300   Section        0  ff.o(i.ld_word)
    ld_word                                  0x08004301   Thumb Code    10  ff.o(i.ld_word)
    i.main                                   0x0800430c   Section        0  main.o(i.main)
    i.main_menu                              0x0800444c   Section        0  main.o(i.main_menu)
    i.mem_cpy                                0x080045c8   Section        0  ff.o(i.mem_cpy)
    mem_cpy                                  0x080045c9   Thumb Code    18  ff.o(i.mem_cpy)
    i.mem_set                                0x080045dc   Section        0  ff.o(i.mem_set)
    mem_set                                  0x080045dd   Thumb Code    14  ff.o(i.mem_set)
    i.move_window                            0x080045ea   Section        0  ff.o(i.move_window)
    move_window                              0x080045eb   Thumb Code    50  ff.o(i.move_window)
    i.mqtt_connect                           0x0800461c   Section        0  main.o(i.mqtt_connect)
    i.mqtt_pub                               0x08004684   Section        0  main.o(i.mqtt_pub)
    i.put_fat                                0x080046cc   Section        0  ff.o(i.put_fat)
    put_fat                                  0x080046cd   Thumb Code   234  ff.o(i.put_fat)
    i.read_file                              0x080047b8   Section        0  main.o(i.read_file)
    i.remove_chain                           0x08004820   Section        0  ff.o(i.remove_chain)
    remove_chain                             0x08004821   Thumb Code   116  ff.o(i.remove_chain)
    i.st_clust                               0x08004894   Section        0  ff.o(i.st_clust)
    st_clust                                 0x08004895   Thumb Code    40  ff.o(i.st_clust)
    i.st_dword                               0x080048bc   Section        0  ff.o(i.st_dword)
    st_dword                                 0x080048bd   Thumb Code    16  ff.o(i.st_dword)
    i.st_word                                0x080048cc   Section        0  ff.o(i.st_word)
    st_word                                  0x080048cd   Thumb Code     8  ff.o(i.st_word)
    i.sync_fs                                0x080048d4   Section        0  ff.o(i.sync_fs)
    sync_fs                                  0x080048d5   Thumb Code   126  ff.o(i.sync_fs)
    i.sync_window                            0x0800495c   Section        0  ff.o(i.sync_window)
    sync_window                              0x0800495d   Thumb Code    82  ff.o(i.sync_window)
    i.validate                               0x080049ae   Section        0  ff.o(i.validate)
    validate                                 0x080049af   Thumb Code    50  ff.o(i.validate)
    i.writeCString                           0x080049e0   Section        0  mqttpacket.o(i.writeCString)
    i.writeChar                              0x08004a08   Section        0  mqttpacket.o(i.writeChar)
    i.writeInt                               0x08004a14   Section        0  mqttpacket.o(i.writeInt)
    i.writeMQTTString                        0x08004a32   Section        0  mqttpacket.o(i.writeMQTTString)
    .constdata                               0x08004a68   Section       20  sd_diskio.o(.constdata)
    .constdata                               0x08004a7c   Section      360  main.o(.constdata)
    .constdata                               0x08004be4   Section        8  stm32f4xx_hal_dma.o(.constdata)
    flagBitshiftOffset                       0x08004be4   Data           8  stm32f4xx_hal_dma.o(.constdata)
    .constdata                               0x08004bec   Section       16  system_stm32f4xx.o(.constdata)
    .constdata                               0x08004bfc   Section        8  system_stm32f4xx.o(.constdata)
    .constdata                               0x08004c04   Section      156  ff.o(.constdata)
    ExCvt                                    0x08004c04   Data         128  ff.o(.constdata)
    cst                                      0x08004c84   Data          14  ff.o(.constdata)
    cst32                                    0x08004c92   Data          14  ff.o(.constdata)
    .conststring                             0x08004ca0   Section       11  main.o(.conststring)
    .data                                    0x20000000   Section        5  fatfs.o(.data)
    .data                                    0x20000005   Section        1  sd_diskio.o(.data)
    Stat                                     0x20000005   Data           1  sd_diskio.o(.data)
    .data                                    0x20000008   Section       16  main.o(.data)
    .data                                    0x20000018   Section        4  stm32f4xx_hal.o(.data)
    .data                                    0x2000001c   Section        4  system_stm32f4xx.o(.data)
    .data                                    0x20000020   Section        8  ff.o(.data)
    Fsid                                     0x20000020   Data           2  ff.o(.data)
    FatFs                                    0x20000024   Data           4  ff.o(.data)
    .data                                    0x20000028   Section        4  stdout.o(.data)
    .bss                                     0x2000002c   Section      560  fatfs.o(.bss)
    .bss                                     0x2000025c   Section      560  fatfs.o(.bss)
    .bss                                     0x2000048c   Section      896  main.o(.bss)
    .bss                                     0x2000080c   Section       96  main.o(.bss)
    .bss                                     0x2000086c   Section       96  main.o(.bss)
    .bss                                     0x200008cc   Section       32  ff.o(.bss)
    Files                                    0x200008cc   Data          32  ff.o(.bss)
    .bss                                     0x200008ec   Section       12  ff_gen_drv.o(.bss)
    STACK                                    0x200008f8   Section     1024  startup_stm32f429xx.o(STACK)

    Global Symbols

    Symbol Name                              Value     Ov Type        Size  Object(Section)

    BuildAttributes$$THM_ISAv4$E$P$D$K$B$S$7EM$VFPi3$EXTD16$VFPS$VFMA$PE$A:L22UL41UL21$X:L11$S22US41US21$IEEE1$IW$USESV6$~STKCKD$USESV7$~SHL$OSPACE$ROPI$EBA8$MICROLIB$REQ8$PRES8$EABIv2 0x00000000   Number         0  anon$$obj.o ABSOLUTE
    __ARM_use_no_argv                        0x00000000   Number         0  main.o ABSOLUTE
    _printf_a                                0x00000000   Number         0  stubs.o ABSOLUTE
    _printf_c                                0x00000000   Number         0  stubs.o ABSOLUTE
    _printf_charcount                        0x00000000   Number         0  stubs.o ABSOLUTE
    _printf_d                                0x00000000   Number         0  stubs.o ABSOLUTE
    _printf_e                                0x00000000   Number         0  stubs.o ABSOLUTE
    _printf_f                                0x00000000   Number         0  stubs.o ABSOLUTE
    _printf_flags                            0x00000000   Number         0  stubs.o ABSOLUTE
    _printf_fp_dec                           0x00000000   Number         0  stubs.o ABSOLUTE
    _printf_fp_hex                           0x00000000   Number         0  stubs.o ABSOLUTE
    _printf_g                                0x00000000   Number         0  stubs.o ABSOLUTE
    _printf_i                                0x00000000   Number         0  stubs.o ABSOLUTE
    _printf_int_dec                          0x00000000   Number         0  stubs.o ABSOLUTE
    _printf_l                                0x00000000   Number         0  stubs.o ABSOLUTE
    _printf_lc                               0x00000000   Number         0  stubs.o ABSOLUTE
    _printf_ll                               0x00000000   Number         0  stubs.o ABSOLUTE
    _printf_lld                              0x00000000   Number         0  stubs.o ABSOLUTE
    _printf_lli                              0x00000000   Number         0  stubs.o ABSOLUTE
    _printf_llo                              0x00000000   Number         0  stubs.o ABSOLUTE
    _printf_llu                              0x00000000   Number         0  stubs.o ABSOLUTE
    _printf_llx                              0x00000000   Number         0  stubs.o ABSOLUTE
    _printf_longlong_dec                     0x00000000   Number         0  stubs.o ABSOLUTE
    _printf_longlong_hex                     0x00000000   Number         0  stubs.o ABSOLUTE
    _printf_longlong_oct                     0x00000000   Number         0  stubs.o ABSOLUTE
    _printf_ls                               0x00000000   Number         0  stubs.o ABSOLUTE
    _printf_mbtowc                           0x00000000   Number         0  stubs.o ABSOLUTE
    _printf_n                                0x00000000   Number         0  stubs.o ABSOLUTE
    _printf_o                                0x00000000   Number         0  stubs.o ABSOLUTE
    _printf_p                                0x00000000   Number         0  stubs.o ABSOLUTE
    _printf_percent                          0x00000000   Number         0  stubs.o ABSOLUTE
    _printf_pre_padding                      0x00000000   Number         0  stubs.o ABSOLUTE
    _printf_return_value                     0x00000000   Number         0  stubs.o ABSOLUTE
    _printf_s                                0x00000000   Number         0  stubs.o ABSOLUTE
    _printf_sizespec                         0x00000000   Number         0  stubs.o ABSOLUTE
    _printf_str                              0x00000000   Number         0  stubs.o ABSOLUTE
    _printf_truncate_signed                  0x00000000   Number         0  stubs.o ABSOLUTE
    _printf_truncate_unsigned                0x00000000   Number         0  stubs.o ABSOLUTE
    _printf_u                                0x00000000   Number         0  stubs.o ABSOLUTE
    _printf_wc                               0x00000000   Number         0  stubs.o ABSOLUTE
    _printf_wctomb                           0x00000000   Number         0  stubs.o ABSOLUTE
    _printf_widthprec                        0x00000000   Number         0  stubs.o ABSOLUTE
    _printf_x                                0x00000000   Number         0  stubs.o ABSOLUTE
    __cpp_initialize__aeabi_                  - Undefined Weak Reference
    __cxa_finalize                            - Undefined Weak Reference
    __decompress                              - Undefined Weak Reference
    _clock_init                               - Undefined Weak Reference
    _microlib_exit                            - Undefined Weak Reference
    __Vectors_Size                           0x000001ac   Number         0  startup_stm32f429xx.o ABSOLUTE
    __Vectors                                0x08000000   Data           4  startup_stm32f429xx.o(RESET)
    __Vectors_End                            0x080001ac   Data           0  startup_stm32f429xx.o(RESET)
    __main                                   0x080001ad   Thumb Code     0  entry.o(.ARM.Collect$$$$00000000)
    _main_stk                                0x080001ad   Thumb Code     0  entry2.o(.ARM.Collect$$$$00000001)
    _main_scatterload                        0x080001b1   Thumb Code     0  entry5.o(.ARM.Collect$$$$00000004)
    __main_after_scatterload                 0x080001b5   Thumb Code     0  entry5.o(.ARM.Collect$$$$00000004)
    _main_clock                              0x080001b5   Thumb Code     0  entry7b.o(.ARM.Collect$$$$00000008)
    _main_cpp_init                           0x080001b5   Thumb Code     0  entry8b.o(.ARM.Collect$$$$0000000A)
    _main_init                               0x080001b5   Thumb Code     0  entry9a.o(.ARM.Collect$$$$0000000B)
    __rt_final_cpp                           0x080001bd   Thumb Code     0  entry10a.o(.ARM.Collect$$$$0000000D)
    __rt_final_exit                          0x080001bd   Thumb Code     0  entry11a.o(.ARM.Collect$$$$0000000F)
    Reset_Handler                            0x080001c1   Thumb Code     8  startup_stm32f429xx.o(.text)
    NMI_Handler                              0x080001c9   Thumb Code     2  startup_stm32f429xx.o(.text)
    HardFault_Handler                        0x080001cb   Thumb Code     2  startup_stm32f429xx.o(.text)
    MemManage_Handler                        0x080001cd   Thumb Code     2  startup_stm32f429xx.o(.text)
    BusFault_Handler                         0x080001cf   Thumb Code     2  startup_stm32f429xx.o(.text)
    UsageFault_Handler                       0x080001d1   Thumb Code     2  startup_stm32f429xx.o(.text)
    DebugMon_Handler                         0x080001d5   Thumb Code     2  startup_stm32f429xx.o(.text)
    ADC_IRQHandler                           0x080001db   Thumb Code     0  startup_stm32f429xx.o(.text)
    CAN1_RX0_IRQHandler                      0x080001db   Thumb Code     0  startup_stm32f429xx.o(.text)
    CAN1_RX1_IRQHandler                      0x080001db   Thumb Code     0  startup_stm32f429xx.o(.text)
    CAN1_SCE_IRQHandler                      0x080001db   Thumb Code     0  startup_stm32f429xx.o(.text)
    CAN1_TX_IRQHandler                       0x080001db   Thumb Code     0  startup_stm32f429xx.o(.text)
    CAN2_RX0_IRQHandler                      0x080001db   Thumb Code     0  startup_stm32f429xx.o(.text)
    CAN2_RX1_IRQHandler                      0x080001db   Thumb Code     0  startup_stm32f429xx.o(.text)
    CAN2_SCE_IRQHandler                      0x080001db   Thumb Code     0  startup_stm32f429xx.o(.text)
    CAN2_TX_IRQHandler                       0x080001db   Thumb Code     0  startup_stm32f429xx.o(.text)
    DCMI_IRQHandler                          0x080001db   Thumb Code     0  startup_stm32f429xx.o(.text)
    DMA1_Stream0_IRQHandler                  0x080001db   Thumb Code     0  startup_stm32f429xx.o(.text)
    DMA1_Stream1_IRQHandler                  0x080001db   Thumb Code     0  startup_stm32f429xx.o(.text)
    DMA1_Stream2_IRQHandler                  0x080001db   Thumb Code     0  startup_stm32f429xx.o(.text)
    DMA1_Stream3_IRQHandler                  0x080001db   Thumb Code     0  startup_stm32f429xx.o(.text)
    DMA1_Stream4_IRQHandler                  0x080001db   Thumb Code     0  startup_stm32f429xx.o(.text)
    DMA1_Stream5_IRQHandler                  0x080001db   Thumb Code     0  startup_stm32f429xx.o(.text)
    DMA1_Stream6_IRQHandler                  0x080001db   Thumb Code     0  startup_stm32f429xx.o(.text)
    DMA1_Stream7_IRQHandler                  0x080001db   Thumb Code     0  startup_stm32f429xx.o(.text)
    DMA2D_IRQHandler                         0x080001db   Thumb Code     0  startup_stm32f429xx.o(.text)
    DMA2_Stream0_IRQHandler                  0x080001db   Thumb Code     0  startup_stm32f429xx.o(.text)
    DMA2_Stream1_IRQHandler                  0x080001db   Thumb Code     0  startup_stm32f429xx.o(.text)
    DMA2_Stream3_IRQHandler                  0x080001db   Thumb Code     0  startup_stm32f429xx.o(.text)
    DMA2_Stream4_IRQHandler                  0x080001db   Thumb Code     0  startup_stm32f429xx.o(.text)
    DMA2_Stream5_IRQHandler                  0x080001db   Thumb Code     0  startup_stm32f429xx.o(.text)
    DMA2_Stream6_IRQHandler                  0x080001db   Thumb Code     0  startup_stm32f429xx.o(.text)
    ETH_IRQHandler                           0x080001db   Thumb Code     0  startup_stm32f429xx.o(.text)
    ETH_WKUP_IRQHandler                      0x080001db   Thumb Code     0  startup_stm32f429xx.o(.text)
    EXTI0_IRQHandler                         0x080001db   Thumb Code     0  startup_stm32f429xx.o(.text)
    EXTI15_10_IRQHandler                     0x080001db   Thumb Code     0  startup_stm32f429xx.o(.text)
    EXTI1_IRQHandler                         0x080001db   Thumb Code     0  startup_stm32f429xx.o(.text)
    EXTI2_IRQHandler                         0x080001db   Thumb Code     0  startup_stm32f429xx.o(.text)
    EXTI3_IRQHandler                         0x080001db   Thumb Code     0  startup_stm32f429xx.o(.text)
    EXTI4_IRQHandler                         0x080001db   Thumb Code     0  startup_stm32f429xx.o(.text)
    EXTI9_5_IRQHandler                       0x080001db   Thumb Code     0  startup_stm32f429xx.o(.text)
    FLASH_IRQHandler                         0x080001db   Thumb Code     0  startup_stm32f429xx.o(.text)
    FMC_IRQHandler                           0x080001db   Thumb Code     0  startup_stm32f429xx.o(.text)
    FPU_IRQHandler                           0x080001db   Thumb Code     0  startup_stm32f429xx.o(.text)
    HASH_RNG_IRQHandler                      0x080001db   Thumb Code     0  startup_stm32f429xx.o(.text)
    I2C1_ER_IRQHandler                       0x080001db   Thumb Code     0  startup_stm32f429xx.o(.text)
    I2C1_EV_IRQHandler                       0x080001db   Thumb Code     0  startup_stm32f429xx.o(.text)
    I2C2_ER_IRQHandler                       0x080001db   Thumb Code     0  startup_stm32f429xx.o(.text)
    I2C2_EV_IRQHandler                       0x080001db   Thumb Code     0  startup_stm32f429xx.o(.text)
    I2C3_ER_IRQHandler                       0x080001db   Thumb Code     0  startup_stm32f429xx.o(.text)
    I2C3_EV_IRQHandler                       0x080001db   Thumb Code     0  startup_stm32f429xx.o(.text)
    LTDC_ER_IRQHandler                       0x080001db   Thumb Code     0  startup_stm32f429xx.o(.text)
    LTDC_IRQHandler                          0x080001db   Thumb Code     0  startup_stm32f429xx.o(.text)
    OTG_FS_IRQHandler                        0x080001db   Thumb Code     0  startup_stm32f429xx.o(.text)
    OTG_FS_WKUP_IRQHandler                   0x080001db   Thumb Code     0  startup_stm32f429xx.o(.text)
    OTG_HS_EP1_IN_IRQHandler                 0x080001db   Thumb Code     0  startup_stm32f429xx.o(.text)
    OTG_HS_EP1_OUT_IRQHandler                0x080001db   Thumb Code     0  startup_stm32f429xx.o(.text)
    OTG_HS_IRQHandler                        0x080001db   Thumb Code     0  startup_stm32f429xx.o(.text)
    OTG_HS_WKUP_IRQHandler                   0x080001db   Thumb Code     0  startup_stm32f429xx.o(.text)
    PVD_IRQHandler                           0x080001db   Thumb Code     0  startup_stm32f429xx.o(.text)
    RCC_IRQHandler                           0x080001db   Thumb Code     0  startup_stm32f429xx.o(.text)
    RTC_Alarm_IRQHandler                     0x080001db   Thumb Code     0  startup_stm32f429xx.o(.text)
    RTC_WKUP_IRQHandler                      0x080001db   Thumb Code     0  startup_stm32f429xx.o(.text)
    SAI1_IRQHandler                          0x080001db   Thumb Code     0  startup_stm32f429xx.o(.text)
    SDIO_IRQHandler                          0x080001db   Thumb Code     0  startup_stm32f429xx.o(.text)
    SPI1_IRQHandler                          0x080001db   Thumb Code     0  startup_stm32f429xx.o(.text)
    SPI2_IRQHandler                          0x080001db   Thumb Code     0  startup_stm32f429xx.o(.text)
    SPI3_IRQHandler                          0x080001db   Thumb Code     0  startup_stm32f429xx.o(.text)
    SPI4_IRQHandler                          0x080001db   Thumb Code     0  startup_stm32f429xx.o(.text)
    SPI5_IRQHandler                          0x080001db   Thumb Code     0  startup_stm32f429xx.o(.text)
    SPI6_IRQHandler                          0x080001db   Thumb Code     0  startup_stm32f429xx.o(.text)
    TAMP_STAMP_IRQHandler                    0x080001db   Thumb Code     0  startup_stm32f429xx.o(.text)
    TIM1_BRK_TIM9_IRQHandler                 0x080001db   Thumb Code     0  startup_stm32f429xx.o(.text)
    TIM1_CC_IRQHandler                       0x080001db   Thumb Code     0  startup_stm32f429xx.o(.text)
    TIM1_TRG_COM_TIM11_IRQHandler            0x080001db   Thumb Code     0  startup_stm32f429xx.o(.text)
    TIM1_UP_TIM10_IRQHandler                 0x080001db   Thumb Code     0  startup_stm32f429xx.o(.text)
    TIM2_IRQHandler                          0x080001db   Thumb Code     0  startup_stm32f429xx.o(.text)
    TIM3_IRQHandler                          0x080001db   Thumb Code     0  startup_stm32f429xx.o(.text)
    TIM4_IRQHandler                          0x080001db   Thumb Code     0  startup_stm32f429xx.o(.text)
    TIM5_IRQHandler                          0x080001db   Thumb Code     0  startup_stm32f429xx.o(.text)
    TIM6_DAC_IRQHandler                      0x080001db   Thumb Code     0  startup_stm32f429xx.o(.text)
    TIM7_IRQHandler                          0x080001db   Thumb Code     0  startup_stm32f429xx.o(.text)
    TIM8_BRK_TIM12_IRQHandler                0x080001db   Thumb Code     0  startup_stm32f429xx.o(.text)
    TIM8_CC_IRQHandler                       0x080001db   Thumb Code     0  startup_stm32f429xx.o(.text)
    TIM8_TRG_COM_TIM14_IRQHandler            0x080001db   Thumb Code     0  startup_stm32f429xx.o(.text)
    TIM8_UP_TIM13_IRQHandler                 0x080001db   Thumb Code     0  startup_stm32f429xx.o(.text)
    UART4_IRQHandler                         0x080001db   Thumb Code     0  startup_stm32f429xx.o(.text)
    UART5_IRQHandler                         0x080001db   Thumb Code     0  startup_stm32f429xx.o(.text)
    UART7_IRQHandler                         0x080001db   Thumb Code     0  startup_stm32f429xx.o(.text)
    UART8_IRQHandler                         0x080001db   Thumb Code     0  startup_stm32f429xx.o(.text)
    USART2_IRQHandler                        0x080001db   Thumb Code     0  startup_stm32f429xx.o(.text)
    USART3_IRQHandler                        0x080001db   Thumb Code     0  startup_stm32f429xx.o(.text)
    USART6_IRQHandler                        0x080001db   Thumb Code     0  startup_stm32f429xx.o(.text)
    WWDG_IRQHandler                          0x080001db   Thumb Code     0  startup_stm32f429xx.o(.text)
    __aeabi_uldivmod                         0x080001e5   Thumb Code    98  uldiv.o(.text)
    __aeabi_memcpy                           0x08000247   Thumb Code    36  memcpya.o(.text)
    __aeabi_memcpy4                          0x08000247   Thumb Code     0  memcpya.o(.text)
    __aeabi_memcpy8                          0x08000247   Thumb Code     0  memcpya.o(.text)
    __aeabi_memset                           0x0800026b   Thumb Code    14  memseta.o(.text)
    __aeabi_memset4                          0x0800026b   Thumb Code     0  memseta.o(.text)
    __aeabi_memset8                          0x0800026b   Thumb Code     0  memseta.o(.text)
    __aeabi_memclr                           0x08000279   Thumb Code     4  memseta.o(.text)
    __aeabi_memclr4                          0x08000279   Thumb Code     0  memseta.o(.text)
    __aeabi_memclr8                          0x08000279   Thumb Code     0  memseta.o(.text)
    _memset$wrapper                          0x0800027d   Thumb Code    18  memseta.o(.text)
    strstr                                   0x0800028f   Thumb Code    36  strstr.o(.text)
    strlen                                   0x080002b3   Thumb Code    14  strlen.o(.text)
    __aeabi_uidiv                            0x080002c1   Thumb Code     0  uidiv.o(.text)
    __aeabi_uidivmod                         0x080002c1   Thumb Code    44  uidiv.o(.text)
    __aeabi_llsl                             0x080002ed   Thumb Code    30  llshl.o(.text)
    _ll_shift_l                              0x080002ed   Thumb Code     0  llshl.o(.text)
    __aeabi_llsr                             0x0800030b   Thumb Code    32  llushr.o(.text)
    _ll_ushift_r                             0x0800030b   Thumb Code     0  llushr.o(.text)
    __scatterload                            0x0800032d   Thumb Code    28  init.o(.text)
    __scatterload_rt2                        0x0800032d   Thumb Code     0  init.o(.text)
    BSP_SD_GetCardInfo                       0x08000351   Thumb Code     8  bsp_driver_sd.o(i.BSP_SD_GetCardInfo)
    __I$use$semihosting$fputc                0x08000351   Thumb Code     0  iusesemip.o(.text)
    __semihosting_library_function           0x08000351   Thumb Code     0  semi.o(.text)
    BSP_SD_GetCardState                      0x0800035d   Thumb Code    20  bsp_driver_sd.o(i.BSP_SD_GetCardState)
    BSP_SD_Init                              0x08000375   Thumb Code    30  bsp_driver_sd.o(i.BSP_SD_Init)
    BSP_SD_ReadBlocks                        0x08000399   Thumb Code    26  bsp_driver_sd.o(i.BSP_SD_ReadBlocks)
    BSP_SD_WriteBlocks                       0x080003b9   Thumb Code    26  bsp_driver_sd.o(i.BSP_SD_WriteBlocks)
    DMA2_Stream2_IRQHandler                  0x080003d9   Thumb Code     6  stm32f4xx_it.o(i.DMA2_Stream2_IRQHandler)
    DMA2_Stream7_IRQHandler                  0x080003e5   Thumb Code     6  stm32f4xx_it.o(i.DMA2_Stream7_IRQHandler)
    FATFS_LinkDriver                         0x08000495   Thumb Code     6  ff_gen_drv.o(i.FATFS_LinkDriver)
    FATFS_LinkDriverEx                       0x0800049d   Thumb Code    58  ff_gen_drv.o(i.FATFS_LinkDriverEx)
    HAL_DMA_Abort_IT                         0x080004dd   Thumb Code    36  stm32f4xx_hal_dma.o(i.HAL_DMA_Abort_IT)
    HAL_DMA_IRQHandler                       0x08000501   Thumb Code   412  stm32f4xx_hal_dma.o(i.HAL_DMA_IRQHandler)
    HAL_DMA_Init                             0x080006a1   Thumb Code   206  stm32f4xx_hal_dma.o(i.HAL_DMA_Init)
    HAL_DMA_Start_IT                         0x08000775   Thumb Code   120  stm32f4xx_hal_dma.o(i.HAL_DMA_Start_IT)
    HAL_Delay                                0x080007ed   Thumb Code    28  stm32f4xx_hal.o(i.HAL_Delay)
    HAL_GPIO_Init                            0x08000809   Thumb Code   408  stm32f4xx_hal_gpio.o(i.HAL_GPIO_Init)
    HAL_GPIO_TogglePin                       0x080009d5   Thumb Code     8  stm32f4xx_hal_gpio.o(i.HAL_GPIO_TogglePin)
    HAL_GPIO_WritePin                        0x080009dd   Thumb Code    10  stm32f4xx_hal_gpio.o(i.HAL_GPIO_WritePin)
    HAL_GetTick                              0x080009e9   Thumb Code     6  stm32f4xx_hal.o(i.HAL_GetTick)
    HAL_IncTick                              0x080009f5   Thumb Code    10  stm32f4xx_hal.o(i.HAL_IncTick)
    HAL_Init                                 0x08000a05   Thumb Code    48  stm32f4xx_hal.o(i.HAL_Init)
    HAL_InitTick                             0x08000a39   Thumb Code    34  stm32f4xx_hal.o(i.HAL_InitTick)
    HAL_MspInit                              0x08000a61   Thumb Code    88  stm32f4xx_hal_msp.o(i.HAL_MspInit)
    HAL_NVIC_EnableIRQ                       0x08000ab9   Thumb Code    22  stm32f4xx_hal_cortex.o(i.HAL_NVIC_EnableIRQ)
    HAL_NVIC_SetPriority                     0x08000ad1   Thumb Code    60  stm32f4xx_hal_cortex.o(i.HAL_NVIC_SetPriority)
    HAL_NVIC_SetPriorityGrouping             0x08000b11   Thumb Code    26  stm32f4xx_hal_cortex.o(i.HAL_NVIC_SetPriorityGrouping)
    HAL_RCC_ClockConfig                      0x08000b35   Thumb Code   286  stm32f4xx_hal_rcc.o(i.HAL_RCC_ClockConfig)
    HAL_RCC_GetHCLKFreq                      0x08000c65   Thumb Code     6  stm32f4xx_hal_rcc.o(i.HAL_RCC_GetHCLKFreq)
    HAL_RCC_GetPCLK1Freq                     0x08000c71   Thumb Code    20  stm32f4xx_hal_rcc.o(i.HAL_RCC_GetPCLK1Freq)
    HAL_RCC_GetPCLK2Freq                     0x08000c91   Thumb Code    20  stm32f4xx_hal_rcc.o(i.HAL_RCC_GetPCLK2Freq)
    HAL_RCC_GetSysClockFreq                  0x08000cb1   Thumb Code    88  stm32f4xx_hal_rcc.o(i.HAL_RCC_GetSysClockFreq)
    HAL_RCC_OscConfig                        0x08000d11   Thumb Code   730  stm32f4xx_hal_rcc.o(i.HAL_RCC_OscConfig)
    HAL_SD_GetCardCSD                        0x08001001   Thumb Code   474  stm32f4xx_hal_sd.o(i.HAL_SD_GetCardCSD)
    HAL_SD_GetCardInfo                       0x080011db   Thumb Code    36  stm32f4xx_hal_sd.o(i.HAL_SD_GetCardInfo)
    HAL_SD_GetCardState                      0x080011ff   Thumb Code    44  stm32f4xx_hal_sd.o(i.HAL_SD_GetCardState)
    HAL_SD_Init                              0x0800122b   Thumb Code    54  stm32f4xx_hal_sd.o(i.HAL_SD_Init)
    HAL_SD_InitCard                          0x08001261   Thumb Code    80  stm32f4xx_hal_sd.o(i.HAL_SD_InitCard)
    HAL_SD_MspInit                           0x080012b5   Thumb Code    72  stm32f4xx_hal_msp.o(i.HAL_SD_MspInit)
    HAL_SD_ReadBlocks                        0x0800130d   Thumb Code   434  stm32f4xx_hal_sd.o(i.HAL_SD_ReadBlocks)
    HAL_SD_WriteBlocks                       0x080014c1   Thumb Code   410  stm32f4xx_hal_sd.o(i.HAL_SD_WriteBlocks)
    HAL_SYSTICK_CLKSourceConfig              0x0800165b   Thumb Code    24  stm32f4xx_hal_cortex.o(i.HAL_SYSTICK_CLKSourceConfig)
    HAL_SYSTICK_Callback                     0x08001673   Thumb Code     2  stm32f4xx_hal_cortex.o(i.HAL_SYSTICK_Callback)
    HAL_SYSTICK_Config                       0x08001675   Thumb Code    40  stm32f4xx_hal_cortex.o(i.HAL_SYSTICK_Config)
    HAL_SYSTICK_IRQHandler                   0x0800169d   Thumb Code     8  stm32f4xx_hal_cortex.o(i.HAL_SYSTICK_IRQHandler)
    HAL_UART_ErrorCallback                   0x080016a5   Thumb Code     2  stm32f4xx_hal_uart.o(i.HAL_UART_ErrorCallback)
    HAL_UART_IRQHandler                      0x080016a9   Thumb Code   266  stm32f4xx_hal_uart.o(i.HAL_UART_IRQHandler)
    HAL_UART_Init                            0x080017b9   Thumb Code    98  stm32f4xx_hal_uart.o(i.HAL_UART_Init)
    HAL_UART_MspInit                         0x0800181d   Thumb Code   188  stm32f4xx_hal_msp.o(i.HAL_UART_MspInit)
    HAL_UART_Receive                         0x0800190d   Thumb Code   184  stm32f4xx_hal_uart.o(i.HAL_UART_Receive)
    HAL_UART_Receive_DMA                     0x080019c5   Thumb Code   138  stm32f4xx_hal_uart.o(i.HAL_UART_Receive_DMA)
    HAL_UART_RxCpltCallback                  0x08001a5d   Thumb Code   204  main.o(i.HAL_UART_RxCpltCallback)
    HAL_UART_RxHalfCpltCallback              0x08001b91   Thumb Code     2  stm32f4xx_hal_uart.o(i.HAL_UART_RxHalfCpltCallback)
    HAL_UART_Transmit_DMA                    0x08001b95   Thumb Code   114  stm32f4xx_hal_uart.o(i.HAL_UART_Transmit_DMA)
    HAL_UART_TxCpltCallback                  0x08001c15   Thumb Code     2  stm32f4xx_hal_uart.o(i.HAL_UART_TxCpltCallback)
    HAL_UART_TxHalfCpltCallback              0x08001c17   Thumb Code     2  stm32f4xx_hal_uart.o(i.HAL_UART_TxHalfCpltCallback)
    MQTTPacket_encode                        0x08001c19   Thumb Code    42  mqttpacket.o(i.MQTTPacket_encode)
    MQTTPacket_len                           0x08001c45   Thumb Code    34  mqttpacket.o(i.MQTTPacket_len)
    MQTTSerialize_connect                    0x08001c6d   Thumb Code   262  mqttconnectclient.o(i.MQTTSerialize_connect)
    MQTTSerialize_connectLength              0x08001d85   Thumb Code   118  mqttconnectclient.o(i.MQTTSerialize_connectLength)
    MQTTSerialize_publish                    0x08001dfb   Thumb Code   134  mqttserializepublish.o(i.MQTTSerialize_publish)
    MQTTSerialize_publishLength              0x08001e81   Thumb Code    30  mqttserializepublish.o(i.MQTTSerialize_publishLength)
    MQTTstrlen                               0x08001e9f   Thumb Code    14  mqttpacket.o(i.MQTTstrlen)
    MX_FATFS_Init                            0x08001ead   Thumb Code    18  fatfs.o(i.MX_FATFS_Init)
    PendSV_Handler                           0x08001f61   Thumb Code     2  stm32f4xx_it.o(i.PendSV_Handler)
    SDIO_ConfigData                          0x08001f63   Thumb Code    36  stm32f4xx_ll_sdmmc.o(i.SDIO_ConfigData)
    SDIO_GetPowerState                       0x08001f87   Thumb Code     8  stm32f4xx_ll_sdmmc.o(i.SDIO_GetPowerState)
    SDIO_GetResponse                         0x08001f8f   Thumb Code    12  stm32f4xx_ll_sdmmc.o(i.SDIO_GetResponse)
    SDIO_Init                                0x08001f9b   Thumb Code    36  stm32f4xx_ll_sdmmc.o(i.SDIO_Init)
    SDIO_PowerState_ON                       0x08001fbf   Thumb Code     8  stm32f4xx_ll_sdmmc.o(i.SDIO_PowerState_ON)
    SDIO_ReadFIFO                            0x08001fc7   Thumb Code     6  stm32f4xx_ll_sdmmc.o(i.SDIO_ReadFIFO)
    SDIO_SendCommand                         0x08001fcd   Thumb Code    32  stm32f4xx_ll_sdmmc.o(i.SDIO_SendCommand)
    SDIO_WriteFIFO                           0x08001fed   Thumb Code    10  stm32f4xx_ll_sdmmc.o(i.SDIO_WriteFIFO)
    SDMMC_CmdAppCommand                      0x08001ff7   Thumb Code    50  stm32f4xx_ll_sdmmc.o(i.SDMMC_CmdAppCommand)
    SDMMC_CmdAppOperCommand                  0x08002029   Thumb Code    48  stm32f4xx_ll_sdmmc.o(i.SDMMC_CmdAppOperCommand)
    SDMMC_CmdBlockLength                     0x0800205d   Thumb Code    50  stm32f4xx_ll_sdmmc.o(i.SDMMC_CmdBlockLength)
    SDMMC_CmdGoIdleState                     0x08002091   Thumb Code    76  stm32f4xx_ll_sdmmc.o(i.SDMMC_CmdGoIdleState)
    SDMMC_CmdOperCond                        0x080020e1   Thumb Code    98  stm32f4xx_ll_sdmmc.o(i.SDMMC_CmdOperCond)
    SDMMC_CmdReadMultiBlock                  0x08002149   Thumb Code    50  stm32f4xx_ll_sdmmc.o(i.SDMMC_CmdReadMultiBlock)
    SDMMC_CmdReadSingleBlock                 0x0800217b   Thumb Code    50  stm32f4xx_ll_sdmmc.o(i.SDMMC_CmdReadSingleBlock)
    SDMMC_CmdSelDesel                        0x080021ad   Thumb Code    50  stm32f4xx_ll_sdmmc.o(i.SDMMC_CmdSelDesel)
    SDMMC_CmdSendCID                         0x080021df   Thumb Code    44  stm32f4xx_ll_sdmmc.o(i.SDMMC_CmdSendCID)
    SDMMC_CmdSendCSD                         0x0800220b   Thumb Code    44  stm32f4xx_ll_sdmmc.o(i.SDMMC_CmdSendCSD)
    SDMMC_CmdSendStatus                      0x08002237   Thumb Code    50  stm32f4xx_ll_sdmmc.o(i.SDMMC_CmdSendStatus)
    SDMMC_CmdSetRelAdd                       0x08002269   Thumb Code    48  stm32f4xx_ll_sdmmc.o(i.SDMMC_CmdSetRelAdd)
    SDMMC_CmdStopTransfer                    0x08002299   Thumb Code    46  stm32f4xx_ll_sdmmc.o(i.SDMMC_CmdStopTransfer)
    SDMMC_CmdWriteMultiBlock                 0x080022cd   Thumb Code    50  stm32f4xx_ll_sdmmc.o(i.SDMMC_CmdWriteMultiBlock)
    SDMMC_CmdWriteSingleBlock                0x080022ff   Thumb Code    50  stm32f4xx_ll_sdmmc.o(i.SDMMC_CmdWriteSingleBlock)
    SD_initialize                            0x080026e9   Thumb Code    26  sd_diskio.o(i.SD_initialize)
    SD_ioctl                                 0x08002709   Thumb Code    74  sd_diskio.o(i.SD_ioctl)
    SD_read                                  0x08002759   Thumb Code    38  sd_diskio.o(i.SD_read)
    SD_status                                0x08002781   Thumb Code    26  sd_diskio.o(i.SD_status)
    SD_write                                 0x080027a1   Thumb Code    38  sd_diskio.o(i.SD_write)
    SVC_Handler                              0x080027c7   Thumb Code     2  stm32f4xx_it.o(i.SVC_Handler)
    SysTick_Handler                          0x080027c9   Thumb Code    14  stm32f4xx_it.o(i.SysTick_Handler)
    SystemClock_Config                       0x080027d9   Thumb Code   156  main.o(i.SystemClock_Config)
    SystemInit                               0x0800287d   Thumb Code    66  system_stm32f4xx.o(i.SystemInit)
    USART1_IRQHandler                        0x08002dd9   Thumb Code     6  stm32f4xx_it.o(i.USART1_IRQHandler)
    _Error_Handler                           0x08002de5   Thumb Code     2  main.o(i._Error_Handler)
    __0printf$6                              0x08002de9   Thumb Code    22  printf6.o(i.__0printf$6)
    __1printf$6                              0x08002de9   Thumb Code     0  printf6.o(i.__0printf$6)
    __2printf                                0x08002de9   Thumb Code     0  printf6.o(i.__0printf$6)
    __0sprintf$6                             0x08002e09   Thumb Code    34  printf6.o(i.__0sprintf$6)
    __1sprintf$6                             0x08002e09   Thumb Code     0  printf6.o(i.__0sprintf$6)
    __2sprintf                               0x08002e09   Thumb Code     0  printf6.o(i.__0sprintf$6)
    __scatterload_copy                       0x08002e31   Thumb Code    14  handlers.o(i.__scatterload_copy)
    __scatterload_null                       0x08002e3f   Thumb Code     2  handlers.o(i.__scatterload_null)
    __scatterload_zeroinit                   0x08002e41   Thumb Code    14  handlers.o(i.__scatterload_zeroinit)
    disk_initialize                          0x08003699   Thumb Code    36  diskio.o(i.disk_initialize)
    disk_ioctl                               0x080036c1   Thumb Code    24  diskio.o(i.disk_ioctl)
    disk_read                                0x080036dd   Thumb Code    24  diskio.o(i.disk_read)
    disk_status                              0x080036f9   Thumb Code    18  diskio.o(i.disk_status)
    disk_write                               0x08003711   Thumb Code    24  diskio.o(i.disk_write)
    f_close                                  0x0800372d   Thumb Code    40  ff.o(i.f_close)
    f_gets                                   0x08003755   Thumb Code    68  ff.o(i.f_gets)
    f_lseek                                  0x08003799   Thumb Code   530  ff.o(i.f_lseek)
    f_mount                                  0x080039ad   Thumb Code    84  ff.o(i.f_mount)
    f_open                                   0x08003a05   Thumb Code   520  ff.o(i.f_open)
    f_read                                   0x08003c11   Thumb Code   338  ff.o(i.f_read)
    f_sync                                   0x08003d63   Thumb Code   142  ff.o(i.f_sync)
    fputc                                    0x080040b9   Thumb Code    18  fputc.o(i.fputc)
    fsize                                    0x080040cd   Thumb Code    24  main.o(i.fsize)
    get_fattime                              0x080041a7   Thumb Code     4  fatfs.o(i.get_fattime)
    gprs_initialize                          0x080041e9   Thumb Code    76  main.o(i.gprs_initialize)
    main                                     0x0800430d   Thumb Code   234  main.o(i.main)
    main_menu                                0x0800444d   Thumb Code   182  main.o(i.main_menu)
    mqtt_connect                             0x0800461d   Thumb Code    62  main.o(i.mqtt_connect)
    mqtt_pub                                 0x08004685   Thumb Code    64  main.o(i.mqtt_pub)
    read_file                                0x080047b9   Thumb Code    94  main.o(i.read_file)
    writeCString                             0x080049e1   Thumb Code    40  mqttpacket.o(i.writeCString)
    writeChar                                0x08004a09   Thumb Code    12  mqttpacket.o(i.writeChar)
    writeInt                                 0x08004a15   Thumb Code    30  mqttpacket.o(i.writeInt)
    writeMQTTString                          0x08004a33   Thumb Code    54  mqttpacket.o(i.writeMQTTString)
    SD_Driver                                0x08004a68   Data          20  sd_diskio.o(.constdata)
    AHBPrescTable                            0x08004bec   Data          16  system_stm32f4xx.o(.constdata)
    APBPrescTable                            0x08004bfc   Data           8  system_stm32f4xx.o(.constdata)
    Region$$Table$$Base                      0x08004cac   Number         0  anon$$obj.o(Region$$Table)
    Region$$Table$$Limit                     0x08004ccc   Number         0  anon$$obj.o(Region$$Table)
    retSD                                    0x20000000   Data           1  fatfs.o(.data)
    SDPath                                   0x20000001   Data           4  fatfs.o(.data)
    rx                                       0x20000008   Data           1  main.o(.data)
    cnt                                      0x20000009   Data           1  main.o(.data)
    UPLOAD_FILE                              0x2000000a   Data           1  main.o(.data)
    LOG_DATA                                 0x2000000b   Data           1  main.o(.data)
    res                                      0x2000000c   Data           1  main.o(.data)
    receive                                  0x2000000d   Data           1  main.o(.data)
    UploadFile                               0x20000010   Data           4  main.o(.data)
    z                                        0x20000014   Data           4  main.o(.data)
    uwTick                                   0x20000018   Data           4  stm32f4xx_hal.o(.data)
    SystemCoreClock                          0x2000001c   Data           4  system_stm32f4xx.o(.data)
    __stdout                                 0x20000028   Data           4  stdout.o(.data)
    SDFatFS                                  0x2000002c   Data         560  fatfs.o(.bss)
    SDFile                                   0x2000025c   Data         560  fatfs.o(.bss)
    hsd                                      0x2000048c   Data         132  main.o(.bss)
    huart1                                   0x20000510   Data          64  main.o(.bss)
    buffr                                    0x20000550   Data         500  main.o(.bss)
    data                                     0x20000744   Data         200  main.o(.bss)
    hdma_usart1_rx                           0x2000080c   Data          96  main.o(.bss)
    hdma_usart1_tx                           0x2000086c   Data          96  main.o(.bss)
    disk                                     0x200008ec   Data          12  ff_gen_drv.o(.bss)
    __initial_sp                             0x20000cf8   Data           0  startup_stm32f429xx.o(STACK)



==============================================================================

Memory Map of the image

  Image Entry point : 0x080001ad

  Load Region LR_IROM1 (Base: 0x08000000, Size: 0x00004cf8, Max: 0x00200000, ABSOLUTE)

    Execution Region ER_IROM1 (Exec base: 0x08000000, Load base: 0x08000000, Size: 0x00004ccc, Max: 0x00200000, ABSOLUTE)

    Exec Addr    Load Addr    Size         Type   Attr      Idx    E Section Name        Object

    0x08000000   0x08000000   0x000001ac   Data   RO         2879    RESET               startup_stm32f429xx.o
    0x080001ac   0x080001ac   0x00000000   Code   RO         3387  * .ARM.Collect$$$$00000000  mc_w.l(entry.o)
    0x080001ac   0x080001ac   0x00000004   Code   RO         3667    .ARM.Collect$$$$00000001  mc_w.l(entry2.o)
    0x080001b0   0x080001b0   0x00000004   Code   RO         3670    .ARM.Collect$$$$00000004  mc_w.l(entry5.o)
    0x080001b4   0x080001b4   0x00000000   Code   RO         3672    .ARM.Collect$$$$00000008  mc_w.l(entry7b.o)
    0x080001b4   0x080001b4   0x00000000   Code   RO         3674    .ARM.Collect$$$$0000000A  mc_w.l(entry8b.o)
    0x080001b4   0x080001b4   0x00000008   Code   RO         3675    .ARM.Collect$$$$0000000B  mc_w.l(entry9a.o)
    0x080001bc   0x080001bc   0x00000000   Code   RO         3677    .ARM.Collect$$$$0000000D  mc_w.l(entry10a.o)
    0x080001bc   0x080001bc   0x00000000   Code   RO         3679    .ARM.Collect$$$$0000000F  mc_w.l(entry11a.o)
    0x080001bc   0x080001bc   0x00000004   Code   RO         3668    .ARM.Collect$$$$00002712  mc_w.l(entry2.o)
    0x080001c0   0x080001c0   0x00000024   Code   RO         2880    .text               startup_stm32f429xx.o
    0x080001e4   0x080001e4   0x00000062   Code   RO         3390    .text               mc_w.l(uldiv.o)
    0x08000246   0x08000246   0x00000024   Code   RO         3392    .text               mc_w.l(memcpya.o)
    0x0800026a   0x0800026a   0x00000024   Code   RO         3394    .text               mc_w.l(memseta.o)
    0x0800028e   0x0800028e   0x00000024   Code   RO         3396    .text               mc_w.l(strstr.o)
    0x080002b2   0x080002b2   0x0000000e   Code   RO         3398    .text               mc_w.l(strlen.o)
    0x080002c0   0x080002c0   0x0000002c   Code   RO         3684    .text               mc_w.l(uidiv.o)
    0x080002ec   0x080002ec   0x0000001e   Code   RO         3686    .text               mc_w.l(llshl.o)
    0x0800030a   0x0800030a   0x00000020   Code   RO         3688    .text               mc_w.l(llushr.o)
    0x0800032a   0x0800032a   0x00000002   PAD
    0x0800032c   0x0800032c   0x00000024   Code   RO         3701    .text               mc_w.l(init.o)
    0x08000350   0x08000350   0x00000000   Code   RO         3703    .text               mc_w.l(semi.o)
    0x08000350   0x08000350   0x00000000   Code   RO         3706    .text               mc_w.l(iusesemip.o)
    0x08000350   0x08000350   0x0000000c   Code   RO          681    i.BSP_SD_GetCardInfo  bsp_driver_sd.o
    0x0800035c   0x0800035c   0x00000018   Code   RO          682    i.BSP_SD_GetCardState  bsp_driver_sd.o
    0x08000374   0x08000374   0x00000024   Code   RO          685    i.BSP_SD_Init       bsp_driver_sd.o
    0x08000398   0x08000398   0x00000020   Code   RO          687    i.BSP_SD_ReadBlocks  bsp_driver_sd.o
    0x080003b8   0x080003b8   0x00000020   Code   RO          689    i.BSP_SD_WriteBlocks  bsp_driver_sd.o
    0x080003d8   0x080003d8   0x0000000c   Code   RO          618    i.DMA2_Stream2_IRQHandler  stm32f4xx_it.o
    0x080003e4   0x080003e4   0x0000000c   Code   RO          619    i.DMA2_Stream7_IRQHandler  stm32f4xx_it.o
    0x080003f0   0x080003f0   0x00000028   Code   RO         1848    i.DMA_CalcBaseAndBitshift  stm32f4xx_hal_dma.o
    0x08000418   0x08000418   0x00000054   Code   RO         1849    i.DMA_CheckFifoParam  stm32f4xx_hal_dma.o
    0x0800046c   0x0800046c   0x00000028   Code   RO         1850    i.DMA_SetConfig     stm32f4xx_hal_dma.o
    0x08000494   0x08000494   0x00000006   Code   RO         3316    i.FATFS_LinkDriver  ff_gen_drv.o
    0x0800049a   0x0800049a   0x00000002   PAD
    0x0800049c   0x0800049c   0x00000040   Code   RO         3317    i.FATFS_LinkDriverEx  ff_gen_drv.o
    0x080004dc   0x080004dc   0x00000024   Code   RO         1852    i.HAL_DMA_Abort_IT  stm32f4xx_hal_dma.o
    0x08000500   0x08000500   0x000001a0   Code   RO         1856    i.HAL_DMA_IRQHandler  stm32f4xx_hal_dma.o
    0x080006a0   0x080006a0   0x000000d4   Code   RO         1857    i.HAL_DMA_Init      stm32f4xx_hal_dma.o
    0x08000774   0x08000774   0x00000078   Code   RO         1861    i.HAL_DMA_Start_IT  stm32f4xx_hal_dma.o
    0x080007ec   0x080007ec   0x0000001c   Code   RO         1097    i.HAL_Delay         stm32f4xx_hal.o
    0x08000808   0x08000808   0x000001cc   Code   RO         1299    i.HAL_GPIO_Init     stm32f4xx_hal_gpio.o
    0x080009d4   0x080009d4   0x00000008   Code   RO         1302    i.HAL_GPIO_TogglePin  stm32f4xx_hal_gpio.o
    0x080009dc   0x080009dc   0x0000000a   Code   RO         1303    i.HAL_GPIO_WritePin  stm32f4xx_hal_gpio.o
    0x080009e6   0x080009e6   0x00000002   PAD
    0x080009e8   0x080009e8   0x0000000c   Code   RO         1105    i.HAL_GetTick       stm32f4xx_hal.o
    0x080009f4   0x080009f4   0x00000010   Code   RO         1107    i.HAL_IncTick       stm32f4xx_hal.o
    0x08000a04   0x08000a04   0x00000034   Code   RO         1108    i.HAL_Init          stm32f4xx_hal.o
    0x08000a38   0x08000a38   0x00000028   Code   RO         1109    i.HAL_InitTick      stm32f4xx_hal.o
    0x08000a60   0x08000a60   0x00000058   Code   RO          885    i.HAL_MspInit       stm32f4xx_hal_msp.o
    0x08000ab8   0x08000ab8   0x00000016   Code   RO         2251    i.HAL_NVIC_EnableIRQ  stm32f4xx_hal_cortex.o
    0x08000ace   0x08000ace   0x00000002   PAD
    0x08000ad0   0x08000ad0   0x00000040   Code   RO         2257    i.HAL_NVIC_SetPriority  stm32f4xx_hal_cortex.o
    0x08000b10   0x08000b10   0x00000024   Code   RO         2258    i.HAL_NVIC_SetPriorityGrouping  stm32f4xx_hal_cortex.o
    0x08000b34   0x08000b34   0x00000130   Code   RO          953    i.HAL_RCC_ClockConfig  stm32f4xx_hal_rcc.o
    0x08000c64   0x08000c64   0x0000000c   Code   RO          958    i.HAL_RCC_GetHCLKFreq  stm32f4xx_hal_rcc.o
    0x08000c70   0x08000c70   0x00000020   Code   RO          960    i.HAL_RCC_GetPCLK1Freq  stm32f4xx_hal_rcc.o
    0x08000c90   0x08000c90   0x00000020   Code   RO          961    i.HAL_RCC_GetPCLK2Freq  stm32f4xx_hal_rcc.o
    0x08000cb0   0x08000cb0   0x00000060   Code   RO          962    i.HAL_RCC_GetSysClockFreq  stm32f4xx_hal_rcc.o
    0x08000d10   0x08000d10   0x000002f0   Code   RO          965    i.HAL_RCC_OscConfig  stm32f4xx_hal_rcc.o
    0x08001000   0x08001000   0x000001da   Code   RO         2389    i.HAL_SD_GetCardCSD  stm32f4xx_hal_sd.o
    0x080011da   0x080011da   0x00000024   Code   RO         2390    i.HAL_SD_GetCardInfo  stm32f4xx_hal_sd.o
    0x080011fe   0x080011fe   0x0000002c   Code   RO         2391    i.HAL_SD_GetCardState  stm32f4xx_hal_sd.o
    0x0800122a   0x0800122a   0x00000036   Code   RO         2396    i.HAL_SD_Init       stm32f4xx_hal_sd.o
    0x08001260   0x08001260   0x00000054   Code   RO         2397    i.HAL_SD_InitCard   stm32f4xx_hal_sd.o
    0x080012b4   0x080012b4   0x00000058   Code   RO          887    i.HAL_SD_MspInit    stm32f4xx_hal_msp.o
    0x0800130c   0x0800130c   0x000001b2   Code   RO         2400    i.HAL_SD_ReadBlocks  stm32f4xx_hal_sd.o
    0x080014be   0x080014be   0x00000002   PAD
    0x080014c0   0x080014c0   0x0000019a   Code   RO         2405    i.HAL_SD_WriteBlocks  stm32f4xx_hal_sd.o
    0x0800165a   0x0800165a   0x00000018   Code   RO         2260    i.HAL_SYSTICK_CLKSourceConfig  stm32f4xx_hal_cortex.o
    0x08001672   0x08001672   0x00000002   Code   RO         2261    i.HAL_SYSTICK_Callback  stm32f4xx_hal_cortex.o
    0x08001674   0x08001674   0x00000028   Code   RO         2262    i.HAL_SYSTICK_Config  stm32f4xx_hal_cortex.o
    0x0800169c   0x0800169c   0x00000008   Code   RO         2263    i.HAL_SYSTICK_IRQHandler  stm32f4xx_hal_cortex.o
    0x080016a4   0x080016a4   0x00000002   Code   RO         1383    i.HAL_UART_ErrorCallback  stm32f4xx_hal_uart.o
    0x080016a6   0x080016a6   0x00000002   PAD
    0x080016a8   0x080016a8   0x00000110   Code   RO         1386    i.HAL_UART_IRQHandler  stm32f4xx_hal_uart.o
    0x080017b8   0x080017b8   0x00000062   Code   RO         1387    i.HAL_UART_Init     stm32f4xx_hal_uart.o
    0x0800181a   0x0800181a   0x00000002   PAD
    0x0800181c   0x0800181c   0x000000f0   Code   RO          889    i.HAL_UART_MspInit  stm32f4xx_hal_msp.o
    0x0800190c   0x0800190c   0x000000b8   Code   RO         1390    i.HAL_UART_Receive  stm32f4xx_hal_uart.o
    0x080019c4   0x080019c4   0x00000098   Code   RO         1391    i.HAL_UART_Receive_DMA  stm32f4xx_hal_uart.o
    0x08001a5c   0x08001a5c   0x00000134   Code   RO          784    i.HAL_UART_RxCpltCallback  main.o
    0x08001b90   0x08001b90   0x00000002   Code   RO         1394    i.HAL_UART_RxHalfCpltCallback  stm32f4xx_hal_uart.o
    0x08001b92   0x08001b92   0x00000002   PAD
    0x08001b94   0x08001b94   0x00000080   Code   RO         1396    i.HAL_UART_Transmit_DMA  stm32f4xx_hal_uart.o
    0x08001c14   0x08001c14   0x00000002   Code   RO         1398    i.HAL_UART_TxCpltCallback  stm32f4xx_hal_uart.o
    0x08001c16   0x08001c16   0x00000002   Code   RO         1399    i.HAL_UART_TxHalfCpltCallback  stm32f4xx_hal_uart.o
    0x08001c18   0x08001c18   0x0000002a   Code   RO          175    i.MQTTPacket_encode  mqttpacket.o
    0x08001c42   0x08001c42   0x00000002   PAD
    0x08001c44   0x08001c44   0x00000028   Code   RO          177    i.MQTTPacket_len    mqttpacket.o
    0x08001c6c   0x08001c6c   0x00000118   Code   RO            2    i.MQTTSerialize_connect  mqttconnectclient.o
    0x08001d84   0x08001d84   0x00000076   Code   RO            3    i.MQTTSerialize_connectLength  mqttconnectclient.o
    0x08001dfa   0x08001dfa   0x00000086   Code   RO          284    i.MQTTSerialize_publish  mqttserializepublish.o
    0x08001e80   0x08001e80   0x0000001e   Code   RO          285    i.MQTTSerialize_publishLength  mqttserializepublish.o
    0x08001e9e   0x08001e9e   0x0000000e   Code   RO          180    i.MQTTstrlen        mqttpacket.o
    0x08001eac   0x08001eac   0x0000001c   Code   RO          410    i.MX_FATFS_Init     fatfs.o
    0x08001ec8   0x08001ec8   0x00000078   Code   RO          785    i.MX_GPIO_Init      main.o
    0x08001f40   0x08001f40   0x00000020   Code   RO         2264    i.NVIC_SetPriority  stm32f4xx_hal_cortex.o
    0x08001f60   0x08001f60   0x00000002   Code   RO          620    i.PendSV_Handler    stm32f4xx_it.o
    0x08001f62   0x08001f62   0x00000024   Code   RO         2616    i.SDIO_ConfigData   stm32f4xx_ll_sdmmc.o
    0x08001f86   0x08001f86   0x00000008   Code   RO         2620    i.SDIO_GetPowerState  stm32f4xx_ll_sdmmc.o
    0x08001f8e   0x08001f8e   0x0000000c   Code   RO         2621    i.SDIO_GetResponse  stm32f4xx_ll_sdmmc.o
    0x08001f9a   0x08001f9a   0x00000024   Code   RO         2622    i.SDIO_Init         stm32f4xx_ll_sdmmc.o
    0x08001fbe   0x08001fbe   0x00000008   Code   RO         2624    i.SDIO_PowerState_ON  stm32f4xx_ll_sdmmc.o
    0x08001fc6   0x08001fc6   0x00000006   Code   RO         2625    i.SDIO_ReadFIFO     stm32f4xx_ll_sdmmc.o
    0x08001fcc   0x08001fcc   0x00000020   Code   RO         2626    i.SDIO_SendCommand  stm32f4xx_ll_sdmmc.o
    0x08001fec   0x08001fec   0x0000000a   Code   RO         2628    i.SDIO_WriteFIFO    stm32f4xx_ll_sdmmc.o
    0x08001ff6   0x08001ff6   0x00000032   Code   RO         2629    i.SDMMC_CmdAppCommand  stm32f4xx_ll_sdmmc.o
    0x08002028   0x08002028   0x00000034   Code   RO         2630    i.SDMMC_CmdAppOperCommand  stm32f4xx_ll_sdmmc.o
    0x0800205c   0x0800205c   0x00000032   Code   RO         2631    i.SDMMC_CmdBlockLength  stm32f4xx_ll_sdmmc.o
    0x0800208e   0x0800208e   0x00000002   PAD
    0x08002090   0x08002090   0x00000050   Code   RO         2636    i.SDMMC_CmdGoIdleState  stm32f4xx_ll_sdmmc.o
    0x080020e0   0x080020e0   0x00000068   Code   RO         2638    i.SDMMC_CmdOperCond  stm32f4xx_ll_sdmmc.o
    0x08002148   0x08002148   0x00000032   Code   RO         2639    i.SDMMC_CmdReadMultiBlock  stm32f4xx_ll_sdmmc.o
    0x0800217a   0x0800217a   0x00000032   Code   RO         2640    i.SDMMC_CmdReadSingleBlock  stm32f4xx_ll_sdmmc.o
    0x080021ac   0x080021ac   0x00000032   Code   RO         2643    i.SDMMC_CmdSelDesel  stm32f4xx_ll_sdmmc.o
    0x080021de   0x080021de   0x0000002c   Code   RO         2644    i.SDMMC_CmdSendCID  stm32f4xx_ll_sdmmc.o
    0x0800220a   0x0800220a   0x0000002c   Code   RO         2645    i.SDMMC_CmdSendCSD  stm32f4xx_ll_sdmmc.o
    0x08002236   0x08002236   0x00000032   Code   RO         2647    i.SDMMC_CmdSendStatus  stm32f4xx_ll_sdmmc.o
    0x08002268   0x08002268   0x00000030   Code   RO         2648    i.SDMMC_CmdSetRelAdd  stm32f4xx_ll_sdmmc.o
    0x08002298   0x08002298   0x00000034   Code   RO         2650    i.SDMMC_CmdStopTransfer  stm32f4xx_ll_sdmmc.o
    0x080022cc   0x080022cc   0x00000032   Code   RO         2652    i.SDMMC_CmdWriteMultiBlock  stm32f4xx_ll_sdmmc.o
    0x080022fe   0x080022fe   0x00000032   Code   RO         2653    i.SDMMC_CmdWriteSingleBlock  stm32f4xx_ll_sdmmc.o
    0x08002330   0x08002330   0x0000011c   Code   RO         2654    i.SDMMC_GetCmdResp1  stm32f4xx_ll_sdmmc.o
    0x0800244c   0x0800244c   0x00000050   Code   RO         2655    i.SDMMC_GetCmdResp2  stm32f4xx_ll_sdmmc.o
    0x0800249c   0x0800249c   0x00000040   Code   RO         2656    i.SDMMC_GetCmdResp3  stm32f4xx_ll_sdmmc.o
    0x080024dc   0x080024dc   0x00000084   Code   RO         2657    i.SDMMC_GetCmdResp6  stm32f4xx_ll_sdmmc.o
    0x08002560   0x08002560   0x000000e6   Code   RO         2414    i.SD_InitCard       stm32f4xx_hal_sd.o
    0x08002646   0x08002646   0x000000a2   Code   RO         2415    i.SD_PowerON        stm32f4xx_hal_sd.o
    0x080026e8   0x080026e8   0x00000020   Code   RO          563    i.SD_initialize     sd_diskio.o
    0x08002708   0x08002708   0x00000050   Code   RO          564    i.SD_ioctl          sd_diskio.o
    0x08002758   0x08002758   0x00000026   Code   RO          565    i.SD_read           sd_diskio.o
    0x0800277e   0x0800277e   0x00000002   PAD
    0x08002780   0x08002780   0x00000020   Code   RO          566    i.SD_status         sd_diskio.o
    0x080027a0   0x080027a0   0x00000026   Code   RO          567    i.SD_write          sd_diskio.o
    0x080027c6   0x080027c6   0x00000002   Code   RO          621    i.SVC_Handler       stm32f4xx_it.o
    0x080027c8   0x080027c8   0x0000000e   Code   RO          622    i.SysTick_Handler   stm32f4xx_it.o
    0x080027d6   0x080027d6   0x00000002   PAD
    0x080027d8   0x080027d8   0x000000a4   Code   RO          786    i.SystemClock_Config  main.o
    0x0800287c   0x0800287c   0x00000054   Code   RO         2888    i.SystemInit        system_stm32f4xx.o
    0x080028d0   0x080028d0   0x00000010   Code   RO         1400    i.UART_DMAAbortOnError  stm32f4xx_hal_uart.o
    0x080028e0   0x080028e0   0x0000004a   Code   RO         1401    i.UART_DMAError     stm32f4xx_hal_uart.o
    0x0800292a   0x0800292a   0x0000003c   Code   RO         1402    i.UART_DMAReceiveCplt  stm32f4xx_hal_uart.o
    0x08002966   0x08002966   0x0000000a   Code   RO         1404    i.UART_DMARxHalfCplt  stm32f4xx_hal_uart.o
    0x08002970   0x08002970   0x0000002e   Code   RO         1406    i.UART_DMATransmitCplt  stm32f4xx_hal_uart.o
    0x0800299e   0x0800299e   0x0000000a   Code   RO         1408    i.UART_DMATxHalfCplt  stm32f4xx_hal_uart.o
    0x080029a8   0x080029a8   0x0000001c   Code   RO         1410    i.UART_EndRxTransfer  stm32f4xx_hal_uart.o
    0x080029c4   0x080029c4   0x00000012   Code   RO         1411    i.UART_EndTxTransfer  stm32f4xx_hal_uart.o
    0x080029d6   0x080029d6   0x0000008c   Code   RO         1412    i.UART_Receive_IT   stm32f4xx_hal_uart.o
    0x08002a62   0x08002a62   0x00000002   PAD
    0x08002a64   0x08002a64   0x000002ac   Code   RO         1413    i.UART_SetConfig    stm32f4xx_hal_uart.o
    0x08002d10   0x08002d10   0x00000062   Code   RO         1414    i.UART_Transmit_IT  stm32f4xx_hal_uart.o
    0x08002d72   0x08002d72   0x00000064   Code   RO         1415    i.UART_WaitOnFlagUntilTimeout  stm32f4xx_hal_uart.o
    0x08002dd6   0x08002dd6   0x00000002   PAD
    0x08002dd8   0x08002dd8   0x0000000c   Code   RO          623    i.USART1_IRQHandler  stm32f4xx_it.o
    0x08002de4   0x08002de4   0x00000002   Code   RO          787    i._Error_Handler    main.o
    0x08002de6   0x08002de6   0x00000002   PAD
    0x08002de8   0x08002de8   0x00000020   Code   RO         3561    i.__0printf$6       mc_w.l(printf6.o)
    0x08002e08   0x08002e08   0x00000028   Code   RO         3563    i.__0sprintf$6      mc_w.l(printf6.o)
    0x08002e30   0x08002e30   0x0000000e   Code   RO         3711    i.__scatterload_copy  mc_w.l(handlers.o)
    0x08002e3e   0x08002e3e   0x00000002   Code   RO         3712    i.__scatterload_null  mc_w.l(handlers.o)
    0x08002e40   0x08002e40   0x0000000e   Code   RO         3713    i.__scatterload_zeroinit  mc_w.l(handlers.o)
    0x08002e4e   0x08002e4e   0x00000002   PAD
    0x08002e50   0x08002e50   0x000002f0   Code   RO         3568    i._printf_core      mc_w.l(printf6.o)
    0x08003140   0x08003140   0x00000024   Code   RO         3569    i._printf_post_padding  mc_w.l(printf6.o)
    0x08003164   0x08003164   0x0000002e   Code   RO         3570    i._printf_pre_padding  mc_w.l(printf6.o)
    0x08003192   0x08003192   0x0000000a   Code   RO         3572    i._sputc            mc_w.l(printf6.o)
    0x0800319c   0x0800319c   0x00000070   Code   RO         2925    i.check_fs          ff.o
    0x0800320c   0x0800320c   0x0000005c   Code   RO         2926    i.chk_lock          ff.o
    0x08003268   0x08003268   0x00000020   Code   RO         2927    i.clear_lock        ff.o
    0x08003288   0x08003288   0x00000024   Code   RO         2928    i.clmt_clust        ff.o
    0x080032ac   0x080032ac   0x00000018   Code   RO         2929    i.clust2sect        ff.o
    0x080032c4   0x080032c4   0x000000a4   Code   RO         2930    i.create_chain      ff.o
    0x08003368   0x08003368   0x000000bc   Code   RO         2931    i.create_name       ff.o
    0x08003424   0x08003424   0x00000034   Code   RO         2932    i.dec_lock          ff.o
    0x08003458   0x08003458   0x00000064   Code   RO         2933    i.dir_find          ff.o
    0x080034bc   0x080034bc   0x000000f4   Code   RO         2934    i.dir_next          ff.o
    0x080035b0   0x080035b0   0x00000066   Code   RO         2936    i.dir_register      ff.o
    0x08003616   0x08003616   0x00000082   Code   RO         2938    i.dir_sdi           ff.o
    0x08003698   0x08003698   0x00000028   Code   RO         3260    i.disk_initialize   diskio.o
    0x080036c0   0x080036c0   0x0000001c   Code   RO         3261    i.disk_ioctl        diskio.o
    0x080036dc   0x080036dc   0x0000001c   Code   RO         3262    i.disk_read         diskio.o
    0x080036f8   0x080036f8   0x00000018   Code   RO         3263    i.disk_status       diskio.o
    0x08003710   0x08003710   0x0000001c   Code   RO         3264    i.disk_write        diskio.o
    0x0800372c   0x0800372c   0x00000028   Code   RO         2939    i.f_close           ff.o
    0x08003754   0x08003754   0x00000044   Code   RO         2942    i.f_gets            ff.o
    0x08003798   0x08003798   0x00000212   Code   RO         2943    i.f_lseek           ff.o
    0x080039aa   0x080039aa   0x00000002   PAD
    0x080039ac   0x080039ac   0x00000058   Code   RO         2946    i.f_mount           ff.o
    0x08003a04   0x08003a04   0x0000020c   Code   RO         2947    i.f_open            ff.o
    0x08003c10   0x08003c10   0x00000152   Code   RO         2952    i.f_read            ff.o
    0x08003d62   0x08003d62   0x0000008e   Code   RO         2956    i.f_sync            ff.o
    0x08003df0   0x08003df0   0x00000254   Code   RO         2960    i.find_volume       ff.o
    0x08004044   0x08004044   0x00000074   Code   RO         2961    i.follow_path       ff.o
    0x080040b8   0x080040b8   0x00000012   Code   RO         3681    i.fputc             mc_w.l(fputc.o)
    0x080040ca   0x080040ca   0x00000002   PAD
    0x080040cc   0x080040cc   0x0000001c   Code   RO          788    i.fsize             main.o
    0x080040e8   0x080040e8   0x000000be   Code   RO         2962    i.get_fat           ff.o
    0x080041a6   0x080041a6   0x00000004   Code   RO          411    i.get_fattime       fatfs.o
    0x080041aa   0x080041aa   0x0000003c   Code   RO         2964    i.get_ldnumber      ff.o
    0x080041e6   0x080041e6   0x00000002   PAD
    0x080041e8   0x080041e8   0x0000005c   Code   RO          789    i.gprs_initialize   main.o
    0x08004244   0x08004244   0x00000080   Code   RO         2965    i.inc_lock          ff.o
    0x080042c4   0x080042c4   0x00000026   Code   RO         2966    i.ld_clust          ff.o
    0x080042ea   0x080042ea   0x00000016   Code   RO         2967    i.ld_dword          ff.o
    0x08004300   0x08004300   0x0000000a   Code   RO         2968    i.ld_word           ff.o
    0x0800430a   0x0800430a   0x00000002   PAD
    0x0800430c   0x0800430c   0x00000140   Code   RO          790    i.main              main.o
    0x0800444c   0x0800444c   0x0000017c   Code   RO          791    i.main_menu         main.o
    0x080045c8   0x080045c8   0x00000012   Code   RO         2969    i.mem_cpy           ff.o
    0x080045da   0x080045da   0x00000002   PAD
    0x080045dc   0x080045dc   0x0000000e   Code   RO         2970    i.mem_set           ff.o
    0x080045ea   0x080045ea   0x00000032   Code   RO         2971    i.move_window       ff.o
    0x0800461c   0x0800461c   0x00000068   Code   RO          792    i.mqtt_connect      main.o
    0x08004684   0x08004684   0x00000048   Code   RO          793    i.mqtt_pub          main.o
    0x080046cc   0x080046cc   0x000000ea   Code   RO         2972    i.put_fat           ff.o
    0x080047b6   0x080047b6   0x00000002   PAD
    0x080047b8   0x080047b8   0x00000068   Code   RO          794    i.read_file         main.o
    0x08004820   0x08004820   0x00000074   Code   RO         2975    i.remove_chain      ff.o
    0x08004894   0x08004894   0x00000028   Code   RO         2976    i.st_clust          ff.o
    0x080048bc   0x080048bc   0x00000010   Code   RO         2977    i.st_dword          ff.o
    0x080048cc   0x080048cc   0x00000008   Code   RO         2978    i.st_word           ff.o
    0x080048d4   0x080048d4   0x00000088   Code   RO         2979    i.sync_fs           ff.o
    0x0800495c   0x0800495c   0x00000052   Code   RO         2980    i.sync_window       ff.o
    0x080049ae   0x080049ae   0x00000032   Code   RO         2981    i.validate          ff.o
    0x080049e0   0x080049e0   0x00000028   Code   RO          186    i.writeCString      mqttpacket.o
    0x08004a08   0x08004a08   0x0000000c   Code   RO          187    i.writeChar         mqttpacket.o
    0x08004a14   0x08004a14   0x0000001e   Code   RO          188    i.writeInt          mqttpacket.o
    0x08004a32   0x08004a32   0x00000036   Code   RO          189    i.writeMQTTString   mqttpacket.o
    0x08004a68   0x08004a68   0x00000014   Data   RO          568    .constdata          sd_diskio.o
    0x08004a7c   0x08004a7c   0x00000168   Data   RO          801    .constdata          main.o
    0x08004be4   0x08004be4   0x00000008   Data   RO         1863    .constdata          stm32f4xx_hal_dma.o
    0x08004bec   0x08004bec   0x00000010   Data   RO         2889    .constdata          system_stm32f4xx.o
    0x08004bfc   0x08004bfc   0x00000008   Data   RO         2890    .constdata          system_stm32f4xx.o
    0x08004c04   0x08004c04   0x0000009c   Data   RO         2983    .constdata          ff.o
    0x08004ca0   0x08004ca0   0x0000000b   Data   RO          802    .conststring        main.o
    0x08004cab   0x08004cab   0x00000001   PAD
    0x08004cac   0x08004cac   0x00000020   Data   RO         3709    Region$$Table       anon$$obj.o


    Execution Region RW_IRAM1 (Exec base: 0x20000000, Load base: 0x08004ccc, Size: 0x00000cf8, Max: 0x00030000, ABSOLUTE)

    Exec Addr    Load Addr    Size         Type   Attr      Idx    E Section Name        Object

    0x20000000   0x08004ccc   0x00000005   Data   RW          414    .data               fatfs.o
    0x20000005   0x08004cd1   0x00000001   Data   RW          569    .data               sd_diskio.o
    0x20000006   0x08004cd2   0x00000002   PAD
    0x20000008   0x08004cd4   0x00000010   Data   RW          803    .data               main.o
    0x20000018   0x08004ce4   0x00000004   Data   RW         1114    .data               stm32f4xx_hal.o
    0x2000001c   0x08004ce8   0x00000004   Data   RW         2891    .data               system_stm32f4xx.o
    0x20000020   0x08004cec   0x00000008   Data   RW         2984    .data               ff.o
    0x20000028   0x08004cf4   0x00000004   Data   RW         3683    .data               mc_w.l(stdout.o)
    0x2000002c        -       0x00000230   Zero   RW          412    .bss                fatfs.o
    0x2000025c        -       0x00000230   Zero   RW          413    .bss                fatfs.o
    0x2000048c        -       0x00000380   Zero   RW          795    .bss                main.o
    0x2000080c        -       0x00000060   Zero   RW          796    .bss                main.o
    0x2000086c        -       0x00000060   Zero   RW          797    .bss                main.o
    0x200008cc        -       0x00000020   Zero   RW         2982    .bss                ff.o
    0x200008ec        -       0x0000000c   Zero   RW         3320    .bss                ff_gen_drv.o
    0x200008f8        -       0x00000400   Zero   RW         2877    STACK               startup_stm32f429xx.o


==============================================================================

Image component sizes


      Code (inc. data)   RO Data    RW Data    ZI Data      Debug   Object Name

       136         26          0          0          0       3478   bsp_driver_sd.o
       148         22          0          0          0       3717   diskio.o
        32         10          0          5       1120     734524   fatfs.o
      4930         80        156          8         32      40095   ff.o
        70          6          0          0         12       1623   ff_gen_drv.o
      1694        486        371         16       1088       8606   main.o
       398         18          0          0          0       5934   mqttconnectclient.o
       232          6          0          0          0       4840   mqttpacket.o
       164          0          0          0          0       2250   mqttserializepublish.o
       220         18         20          1          0       3840   sd_diskio.o
        36          8        428          0       1024        800   startup_stm32f429xx.o
       148         22          0          4          0       4375   stm32f4xx_hal.o
       228         14          0          0          0      32113   stm32f4xx_hal_cortex.o
       948         16          8          0          0       6450   stm32f4xx_hal_dma.o
       478         52          0          0          0       3037   stm32f4xx_hal_gpio.o
       416         68          0          0          0       2378   stm32f4xx_hal_msp.o
      1228         78          0          0          0       5512   stm32f4xx_hal_rcc.o
      1928          4          0          0          0       9780   stm32f4xx_hal_sd.o
      2126         42          0          0          0      15331   stm32f4xx_hal_uart.o
        54         18          0          0          0       2769   stm32f4xx_it.o
      1532         42          0          0          0      21188   stm32f4xx_ll_sdmmc.o
        84         18         24          4          0       1147   system_stm32f4xx.o

    ----------------------------------------------------------------------
     17268       1054       1040         40       3276     913787   Object Totals
         0          0         32          0          0          0   (incl. Generated)
        38          0          1          2          0          0   (incl. Padding)

    ----------------------------------------------------------------------

      Code (inc. data)   RO Data    RW Data    ZI Data      Debug   Library Member Name

         0          0          0          0          0          0   entry.o
         0          0          0          0          0          0   entry10a.o
         0          0          0          0          0          0   entry11a.o
         8          4          0          0          0          0   entry2.o
         4          0          0          0          0          0   entry5.o
         0          0          0          0          0          0   entry7b.o
         0          0          0          0          0          0   entry8b.o
         8          4          0          0          0          0   entry9a.o
        18          0          0          0          0         80   fputc.o
        30          0          0          0          0          0   handlers.o
        36          8          0          0          0         68   init.o
         0          0          0          0          0          0   iusesemip.o
        30          0          0          0          0         68   llshl.o
        32          0          0          0          0         68   llushr.o
        36          0          0          0          0         68   memcpya.o
        36          0          0          0          0        108   memseta.o
       916         20          0          0          0        504   printf6.o
         0          0          0          0          0          0   semi.o
         0          0          0          4          0          0   stdout.o
        14          0          0          0          0         68   strlen.o
        36          0          0          0          0         80   strstr.o
        44          0          0          0          0         80   uidiv.o
        98          0          0          0          0         92   uldiv.o

    ----------------------------------------------------------------------
      1352         36          0          4          0       1284   Library Totals
         6          0          0          0          0          0   (incl. Padding)

    ----------------------------------------------------------------------

      Code (inc. data)   RO Data    RW Data    ZI Data      Debug   Library Name

      1346         36          0          4          0       1284   mc_w.l

    ----------------------------------------------------------------------
      1352         36          0          4          0       1284   Library Totals

    ----------------------------------------------------------------------

==============================================================================


      Code (inc. data)   RO Data    RW Data    ZI Data      Debug   

     18620       1090       1040         44       3276     897951   Grand Totals
     18620       1090       1040         44       3276     897951   ELF Image Totals
     18620       1090       1040         44          0          0   ROM Totals

==============================================================================

    Total RO  Size (Code + RO Data)                19660 (  19.20kB)
    Total RW  Size (RW Data + ZI Data)              3320 (   3.24kB)
    Total ROM Size (Code + RO Data + RW Data)      19704 (  19.24kB)

==============================================================================

